ERROR:jax._src.xla_bridge:Jax plugin configuration error: Exception when calling jax_plugins.xla_cuda12.initialize()
Traceback (most recent call last):
  File "/mmhome/boittier/home/mmml/.venv/lib/python3.13/site-packages/jax/_src/xla_bridge.py", line 508, in discover_pjrt_plugins
    plugin_module.initialize()
    ~~~~~~~~~~~~~~~~~~~~~~~~^^
  File "/mmhome/boittier/home/mmml/.venv/lib/python3.13/site-packages/jax_plugins/xla_cuda12/__init__.py", line 370, in initialize
    _check_cuda_versions(raise_on_first_error = True)
    ~~~~~~~~~~~~~~~~~~~~^^^^^^^^^^^^^^^^^^^^^^^^^^^^^
  File "/mmhome/boittier/home/mmml/.venv/lib/python3.13/site-packages/jax_plugins/xla_cuda12/__init__.py", line 274, in _check_cuda_versions
    for d in range(cuda_versions.cuda_device_count())
                   ~~~~~~~~~~~~~~~~~~~~~~~~~~~~~~~^^
RuntimeError: jaxlib/cuda/versions_helpers.cc:135: operation cuInit(0) failed: Unknown CUDA error 303; cuGetErrorName failed. This probably means that JAX was unable to load the CUDA libraries.
/mmhome/boittier/home/mmml/.venv/lib/python3.13/site-packages/orbax/checkpoint/_src/serialization/jax_array_handlers.py:925: UserWarning: Sharding info not provided when restoring. Populating sharding info from sharding file. Please note restoration time will be slightly increased due to reading from file. Note also that this option is unsafe when restoring on a different topology than the checkpoint was saved with.
  warnings.warn(
ERROR:root:Device cuda:0 was not found in jax.local_devices().
ERROR:root:Device cuda:0 was not found in jax.local_devices().
ERROR:root:Device cuda:0 was not found in jax.local_devices().
ERROR:root:Device cuda:0 was not found in jax.local_devices().
ERROR:root:Device cuda:0 was not found in jax.local_devices().
ERROR:root:Device cuda:0 was not found in jax.local_devices().
ERROR:root:Device cuda:0 was not found in jax.local_devices().
ERROR:root:Device cuda:0 was not found in jax.local_devices().
ERROR:root:Device cuda:0 was not found in jax.local_devices().
ERROR:root:Device cuda:0 was not found in jax.local_devices().
ERROR:root:Device cuda:0 was not found in jax.local_devices().
ERROR:root:Device cuda:0 was not found in jax.local_devices().
ERROR:root:Device cuda:0 was not found in jax.local_devices().
ERROR:root:Device cuda:0 was not found in jax.local_devices().
ERROR:root:Device cuda:0 was not found in jax.local_devices().
ERROR:root:Device cuda:0 was not found in jax.local_devices().
ERROR:root:Device cuda:0 was not found in jax.local_devices().
ERROR:root:Device cuda:0 was not found in jax.local_devices().
ERROR:root:Device cuda:0 was not found in jax.local_devices().
ERROR:root:Device cuda:0 was not found in jax.local_devices().
ERROR:root:Device cuda:0 was not found in jax.local_devices().
ERROR:root:Device cuda:0 was not found in jax.local_devices().
ERROR:root:Device cuda:0 was not found in jax.local_devices().
ERROR:root:Device cuda:0 was not found in jax.local_devices().
ERROR:root:Device cuda:0 was not found in jax.local_devices().
ERROR:root:Device cuda:0 was not found in jax.local_devices().
ERROR:root:Device cuda:0 was not found in jax.local_devices().
ERROR:root:Device cuda:0 was not found in jax.local_devices().
ERROR:root:Device cuda:0 was not found in jax.local_devices().
ERROR:root:Device cuda:0 was not found in jax.local_devices().
ERROR:root:Device cuda:0 was not found in jax.local_devices().
ERROR:root:Device cuda:0 was not found in jax.local_devices().
ERROR:root:Device cuda:0 was not found in jax.local_devices().
ERROR:root:Device cuda:0 was not found in jax.local_devices().
ERROR:root:Device cuda:0 was not found in jax.local_devices().
ERROR:root:Device cuda:0 was not found in jax.local_devices().
ERROR:root:Device cuda:0 was not found in jax.local_devices().
ERROR:root:Device cuda:0 was not found in jax.local_devices().
ERROR:root:Device cuda:0 was not found in jax.local_devices().
ERROR:root:Device cuda:0 was not found in jax.local_devices().
ERROR:root:Device cuda:0 was not found in jax.local_devices().
ERROR:root:Device cuda:0 was not found in jax.local_devices().
ERROR:root:Device cuda:0 was not found in jax.local_devices().
ERROR:root:Device cuda:0 was not found in jax.local_devices().
ERROR:root:Device cuda:0 was not found in jax.local_devices().
ERROR:root:Device cuda:0 was not found in jax.local_devices().
ERROR:root:Device cuda:0 was not found in jax.local_devices().
ERROR:root:Device cuda:0 was not found in jax.local_devices().
ERROR:root:Device cuda:0 was not found in jax.local_devices().
ERROR:root:Device cuda:0 was not found in jax.local_devices().
ERROR:root:Device cuda:0 was not found in jax.local_devices().
ERROR:root:Device cuda:0 was not found in jax.local_devices().
ERROR:root:Device cuda:0 was not found in jax.local_devices().
ERROR:root:Device cuda:0 was not found in jax.local_devices().
ERROR:root:Device cuda:0 was not found in jax.local_devices().
ERROR:root:Device cuda:0 was not found in jax.local_devices().
ERROR:root:Device cuda:0 was not found in jax.local_devices().
ERROR:root:Device cuda:0 was not found in jax.local_devices().
ERROR:root:Device cuda:0 was not found in jax.local_devices().
ERROR:root:Device cuda:0 was not found in jax.local_devices().
ERROR:root:Device cuda:0 was not found in jax.local_devices().
ERROR:root:Device cuda:0 was not found in jax.local_devices().
ERROR:root:Device cuda:0 was not found in jax.local_devices().
ERROR:root:Device cuda:0 was not found in jax.local_devices().
ERROR:root:Device cuda:0 was not found in jax.local_devices().
ERROR:root:Device cuda:0 was not found in jax.local_devices().
ERROR:root:Device cuda:0 was not found in jax.local_devices().
ERROR:root:Device cuda:0 was not found in jax.local_devices().
ERROR:root:Device cuda:0 was not found in jax.local_devices().
ERROR:root:Device cuda:0 was not found in jax.local_devices().
ERROR:root:Device cuda:0 was not found in jax.local_devices().
ERROR:root:Device cuda:0 was not found in jax.local_devices().
ERROR:root:Device cuda:0 was not found in jax.local_devices().
ERROR:root:Device cuda:0 was not found in jax.local_devices().
ERROR:root:Device cuda:0 was not found in jax.local_devices().
ERROR:root:Device cuda:0 was not found in jax.local_devices().
ERROR:root:Device cuda:0 was not found in jax.local_devices().
ERROR:root:Device cuda:0 was not found in jax.local_devices().
ERROR:root:Device cuda:0 was not found in jax.local_devices().
ERROR:root:Device cuda:0 was not found in jax.local_devices().
ERROR:root:Device cuda:0 was not found in jax.local_devices().
ERROR:root:Device cuda:0 was not found in jax.local_devices().
ERROR:root:Device cuda:0 was not found in jax.local_devices().
ERROR:root:Device cuda:0 was not found in jax.local_devices().
ERROR:root:Device cuda:0 was not found in jax.local_devices().
ERROR:root:Device cuda:0 was not found in jax.local_devices().
ERROR:root:Device cuda:0 was not found in jax.local_devices().
ERROR:root:Device cuda:0 was not found in jax.local_devices().
ERROR:root:Device cuda:0 was not found in jax.local_devices().
ERROR:root:Device cuda:0 was not found in jax.local_devices().
ERROR:root:Device cuda:0 was not found in jax.local_devices().
ERROR:root:Device cuda:0 was not found in jax.local_devices().
ERROR:root:Device cuda:0 was not found in jax.local_devices().
ERROR:root:Device cuda:0 was not found in jax.local_devices().
ERROR:root:Device cuda:0 was not found in jax.local_devices().
ERROR:root:Device cuda:0 was not found in jax.local_devices().
ERROR:root:Device cuda:0 was not found in jax.local_devices().
ERROR:root:Device cuda:0 was not found in jax.local_devices().
ERROR:root:Device cuda:0 was not found in jax.local_devices().
ERROR:root:Device cuda:0 was not found in jax.local_devices().
ERROR:root:Device cuda:0 was not found in jax.local_devices().
ERROR:root:Device cuda:0 was not found in jax.local_devices().
ERROR:root:Device cuda:0 was not found in jax.local_devices().
ERROR:root:Device cuda:0 was not found in jax.local_devices().
ERROR:root:Device cuda:0 was not found in jax.local_devices().
ERROR:root:Device cuda:0 was not found in jax.local_devices().
ERROR:root:Device cuda:0 was not found in jax.local_devices().
ERROR:root:Device cuda:0 was not found in jax.local_devices().
ERROR:root:Device cuda:0 was not found in jax.local_devices().
ERROR:root:Device cuda:0 was not found in jax.local_devices().
ERROR:root:Device cuda:0 was not found in jax.local_devices().
ERROR:root:Device cuda:0 was not found in jax.local_devices().
ERROR:root:Device cuda:0 was not found in jax.local_devices().
ERROR:root:Device cuda:0 was not found in jax.local_devices().
ERROR:root:Device cuda:0 was not found in jax.local_devices().
ERROR:root:Device cuda:0 was not found in jax.local_devices().
ERROR:root:Device cuda:0 was not found in jax.local_devices().
ERROR:root:Device cuda:0 was not found in jax.local_devices().
ERROR:root:Device cuda:0 was not found in jax.local_devices().
ERROR:root:Device cuda:0 was not found in jax.local_devices().
ERROR:root:Device cuda:0 was not found in jax.local_devices().
ERROR:root:Device cuda:0 was not found in jax.local_devices().
ERROR:root:Device cuda:0 was not found in jax.local_devices().
ERROR:root:Device cuda:0 was not found in jax.local_devices().
ERROR:root:Device cuda:0 was not found in jax.local_devices().
ERROR:root:Device cuda:0 was not found in jax.local_devices().
ERROR:root:Device cuda:0 was not found in jax.local_devices().
ERROR:root:Device cuda:0 was not found in jax.local_devices().
ERROR:root:Device cuda:0 was not found in jax.local_devices().
ERROR:root:Device cuda:0 was not found in jax.local_devices().
ERROR:root:Device cuda:0 was not found in jax.local_devices().
ERROR:root:Device cuda:0 was not found in jax.local_devices().
ERROR:root:Device cuda:0 was not found in jax.local_devices().
ERROR:root:Device cuda:0 was not found in jax.local_devices().
ERROR:root:Device cuda:0 was not found in jax.local_devices().
ERROR:root:Device cuda:0 was not found in jax.local_devices().
ERROR:root:Device cuda:0 was not found in jax.local_devices().
ERROR:root:Device cuda:0 was not found in jax.local_devices().
ERROR:root:Device cuda:0 was not found in jax.local_devices().
ERROR:root:Device cuda:0 was not found in jax.local_devices().
ERROR:root:Device cuda:0 was not found in jax.local_devices().
ERROR:root:Device cuda:0 was not found in jax.local_devices().
ERROR:root:Device cuda:0 was not found in jax.local_devices().
ERROR:root:Device cuda:0 was not found in jax.local_devices().
ERROR:root:Device cuda:0 was not found in jax.local_devices().
ERROR:root:Device cuda:0 was not found in jax.local_devices().
ERROR:root:Device cuda:0 was not found in jax.local_devices().
ERROR:root:Device cuda:0 was not found in jax.local_devices().
ERROR:root:Device cuda:0 was not found in jax.local_devices().
ERROR:root:Device cuda:0 was not found in jax.local_devices().
ERROR:root:Device cuda:0 was not found in jax.local_devices().
ERROR:root:Device cuda:0 was not found in jax.local_devices().
ERROR:root:Device cuda:0 was not found in jax.local_devices().
ERROR:root:Device cuda:0 was not found in jax.local_devices().
ERROR:root:Device cuda:0 was not found in jax.local_devices().
ERROR:root:Device cuda:0 was not found in jax.local_devices().
ERROR:root:Device cuda:0 was not found in jax.local_devices().
ERROR:root:Device cuda:0 was not found in jax.local_devices().
ERROR:root:Device cuda:0 was not found in jax.local_devices().
ERROR:root:Device cuda:0 was not found in jax.local_devices().
ERROR:root:Device cuda:0 was not found in jax.local_devices().
ERROR:root:Device cuda:0 was not found in jax.local_devices().
ERROR:root:Device cuda:0 was not found in jax.local_devices().
ERROR:root:Device cuda:0 was not found in jax.local_devices().
ERROR:root:Device cuda:0 was not found in jax.local_devices().
ERROR:root:Device cuda:0 was not found in jax.local_devices().
ERROR:root:Device cuda:0 was not found in jax.local_devices().
ERROR:root:Device cuda:0 was not found in jax.local_devices().
ERROR:root:Device cuda:0 was not found in jax.local_devices().
ERROR:root:Device cuda:0 was not found in jax.local_devices().
ERROR:root:Device cuda:0 was not found in jax.local_devices().
ERROR:root:Device cuda:0 was not found in jax.local_devices().
ERROR:root:Device cuda:0 was not found in jax.local_devices().
ERROR:root:Device cuda:0 was not found in jax.local_devices().
ERROR:root:Device cuda:0 was not found in jax.local_devices().
ERROR:root:Device cuda:0 was not found in jax.local_devices().
ERROR:root:Device cuda:0 was not found in jax.local_devices().
ERROR:root:Device cuda:0 was not found in jax.local_devices().
ERROR:root:Device cuda:0 was not found in jax.local_devices().
ERROR:root:Device cuda:0 was not found in jax.local_devices().
ERROR:root:Device cuda:0 was not found in jax.local_devices().
ERROR:root:Device cuda:0 was not found in jax.local_devices().
ERROR:root:Device cuda:0 was not found in jax.local_devices().
ERROR:root:Device cuda:0 was not found in jax.local_devices().
ERROR:root:Device cuda:0 was not found in jax.local_devices().
ERROR:root:Device cuda:0 was not found in jax.local_devices().
ERROR:root:Device cuda:0 was not found in jax.local_devices().
ERROR:root:Device cuda:0 was not found in jax.local_devices().
ERROR:root:Device cuda:0 was not found in jax.local_devices().
ERROR:root:Device cuda:0 was not found in jax.local_devices().
ERROR:root:Device cuda:0 was not found in jax.local_devices().
ERROR:root:Device cuda:0 was not found in jax.local_devices().
ERROR:root:Device cuda:0 was not found in jax.local_devices().
ERROR:root:Device cuda:0 was not found in jax.local_devices().
ERROR:root:Device cuda:0 was not found in jax.local_devices().
ERROR:root:Device cuda:0 was not found in jax.local_devices().
ERROR:root:Device cuda:0 was not found in jax.local_devices().
ERROR:root:Device cuda:0 was not found in jax.local_devices().
ERROR:root:Device cuda:0 was not found in jax.local_devices().
ERROR:root:Device cuda:0 was not found in jax.local_devices().
ERROR:root:Device cuda:0 was not found in jax.local_devices().
ERROR:root:Device cuda:0 was not found in jax.local_devices().
ERROR:root:Device cuda:0 was not found in jax.local_devices().
ERROR:root:Device cuda:0 was not found in jax.local_devices().
ERROR:root:Device cuda:0 was not found in jax.local_devices().
ERROR:root:Device cuda:0 was not found in jax.local_devices().
ERROR:root:Device cuda:0 was not found in jax.local_devices().
ERROR:root:Device cuda:0 was not found in jax.local_devices().
ERROR:root:Device cuda:0 was not found in jax.local_devices().
ERROR:root:Device cuda:0 was not found in jax.local_devices().
ERROR:root:Device cuda:0 was not found in jax.local_devices().
ERROR:root:Device cuda:0 was not found in jax.local_devices().
ERROR:root:Device cuda:0 was not found in jax.local_devices().
ERROR:root:Device cuda:0 was not found in jax.local_devices().
ERROR:root:Device cuda:0 was not found in jax.local_devices().
ERROR:root:Device cuda:0 was not found in jax.local_devices().
ERROR:root:Device cuda:0 was not found in jax.local_devices().
ERROR:root:Device cuda:0 was not found in jax.local_devices().
ERROR:root:Device cuda:0 was not found in jax.local_devices().
ERROR:root:Device cuda:0 was not found in jax.local_devices().
ERROR:root:Device cuda:0 was not found in jax.local_devices().
ERROR:root:Device cuda:0 was not found in jax.local_devices().
ERROR:root:Device cuda:0 was not found in jax.local_devices().
ERROR:root:Device cuda:0 was not found in jax.local_devices().
ERROR:root:Device cuda:0 was not found in jax.local_devices().
ERROR:root:Device cuda:0 was not found in jax.local_devices().
ERROR:root:Device cuda:0 was not found in jax.local_devices().
ERROR:root:Device cuda:0 was not found in jax.local_devices().
ERROR:root:Device cuda:0 was not found in jax.local_devices().
ERROR:root:Device cuda:0 was not found in jax.local_devices().
ERROR:root:Device cuda:0 was not found in jax.local_devices().
ERROR:root:Device cuda:0 was not found in jax.local_devices().
ERROR:root:Device cuda:0 was not found in jax.local_devices().
ERROR:root:Device cuda:0 was not found in jax.local_devices().
ERROR:root:Device cuda:0 was not found in jax.local_devices().
ERROR:root:Device cuda:0 was not found in jax.local_devices().
ERROR:root:Device cuda:0 was not found in jax.local_devices().
ERROR:root:Device cuda:0 was not found in jax.local_devices().
ERROR:root:Device cuda:0 was not found in jax.local_devices().
ERROR:root:Device cuda:0 was not found in jax.local_devices().
ERROR:root:Device cuda:0 was not found in jax.local_devices().
ERROR:root:Device cuda:0 was not found in jax.local_devices().
ERROR:root:Device cuda:0 was not found in jax.local_devices().
ERROR:root:Device cuda:0 was not found in jax.local_devices().
ERROR:root:Device cuda:0 was not found in jax.local_devices().
ERROR:root:Device cuda:0 was not found in jax.local_devices().
ACO: 10 directions x 24 orientations = 240 rays x 36 r-points = 8640 evaluations
handoff: ML on 0-4.5, blend to 6, MM tail to 11 A
Traceback (most recent call last):
  File "/mmhome/boittier/home/mmml/scripts/scan_dimer_orientations.py", line 307, in <module>
    raise SystemExit(main())
                     ~~~~^^
  File "/mmhome/boittier/home/mmml/scripts/scan_dimer_orientations.py", line 207, in main
    _, params, model = _load_physnet_checkpoint(Path(args.checkpoint), pad, use_ema=args.use_ema)
                       ~~~~~~~~~~~~~~~~~~~~~~~~^^^^^^^^^^^^^^^^^^^^^^^^^^^^^^^^^^^^^^^^^^^^^^^^^^
  File "/mmhome/boittier/home/mmml/mmml/cli/misc/physnet_evaluate.py", line 161, in _load_physnet_checkpoint
    params, model = get_params_model(str(restart_path), natoms=natoms, prefer_ema=use_ema)
                    ~~~~~~~~~~~~~~~~^^^^^^^^^^^^^^^^^^^^^^^^^^^^^^^^^^^^^^^^^^^^^^^^^^^^^^
  File "/mmhome/boittier/home/mmml/mmml/models/physnetjax/physnetjax/restart/restart.py", line 150, in get_params_model
    restored = orbax_checkpointer.restore(restart)
  File "/mmhome/boittier/home/mmml/.venv/lib/python3.13/site-packages/orbax/checkpoint/_src/checkpointers/checkpointer.py", line 316, in restore
    restored = self._restore(directory, args=ckpt_args)
  File "/mmhome/boittier/home/mmml/.venv/lib/python3.13/site-packages/orbax/checkpoint/_src/checkpointers/checkpointer.py", line 330, in _restore
    return self._handler.restore(directory, args=args)
           ~~~~~~~~~~~~~~~~~~~~~^^^^^^^^^^^^^^^^^^^^^^
  File "/mmhome/boittier/home/mmml/.venv/lib/python3.13/site-packages/orbax/checkpoint/_src/handlers/pytree_checkpoint_handler.py", line 871, in restore
    return self._handler_impl.restore(directory, args=args)
           ~~~~~~~~~~~~~~~~~~~~~~~~~~^^^^^^^^^^^^^^^^^^^^^^
  File "/mmhome/boittier/home/mmml/.venv/lib/python3.13/site-packages/orbax/checkpoint/_src/handlers/base_pytree_checkpoint_handler.py", line 1082, in restore
    restored_item = asyncio_utils.run_sync(
        self._maybe_deserialize(
            item, value_metadata_tree, param_infos, restore_args
        )
    )
  File "/mmhome/boittier/home/mmml/.venv/lib/python3.13/site-packages/orbax/checkpoint/_src/asyncio_utils.py", line 53, in run_sync
    return asyncio.run(coro)
           ~~~~~~~~~~~^^^^^^
  File "/mmhome/boittier/home/.local/share/uv/python/cpython-3.13.1-linux-x86_64-gnu/lib/python3.13/asyncio/runners.py", line 194, in run
    return runner.run(main)
           ~~~~~~~~~~^^^^^^
  File "/mmhome/boittier/home/.local/share/uv/python/cpython-3.13.1-linux-x86_64-gnu/lib/python3.13/asyncio/runners.py", line 118, in run
    return self._loop.run_until_complete(task)
           ~~~~~~~~~~~~~~~~~~~~~~~~~~~~~^^^^^^
  File "/mmhome/boittier/home/.local/share/uv/python/cpython-3.13.1-linux-x86_64-gnu/lib/python3.13/asyncio/base_events.py", line 720, in run_until_complete
    return future.result()
           ~~~~~~~~~~~~~^^
  File "/mmhome/boittier/home/mmml/.venv/lib/python3.13/site-packages/orbax/checkpoint/_src/handlers/base_pytree_checkpoint_handler.py", line 807, in _maybe_deserialize
    deserialized_batches = await self._async_io_engine.execute_restore(
                           ^^^^^^^^^^^^^^^^^^^^^^^^^^^^^^^^^^^^^^^^^^^^
        batch_requests
        ^^^^^^^^^^^^^^
    )
    ^
  File "/mmhome/boittier/home/mmml/.venv/lib/python3.13/site-packages/orbax/checkpoint/_src/serialization/async_io_engine.py", line 234, in execute_restore
    deserialized_batches = await asyncio.gather(*deserialized_batches_ops)
                           ^^^^^^^^^^^^^^^^^^^^^^^^^^^^^^^^^^^^^^^^^^^^^^^
  File "/mmhome/boittier/home/mmml/.venv/lib/python3.13/site-packages/orbax/checkpoint/_src/serialization/jax_array_handlers.py", line 1543, in deserialize
    ret = await _deserialize_arrays(
          ^^^^^^^^^^^^^^^^^^^^^^^^^^
    ...<5 lines>...
    )
    ^
  File "/mmhome/boittier/home/mmml/.venv/lib/python3.13/site-packages/orbax/checkpoint/_src/serialization/jax_array_handlers.py", line 1048, in _deserialize_arrays
    (ret, logical_bytes), array_metadatas = await asyncio.gather(
                                            ^^^^^^^^^^^^^^^^^^^^^
    ...<9 lines>...
    )
    ^
  File "/mmhome/boittier/home/mmml/.venv/lib/python3.13/site-packages/orbax/checkpoint/_src/serialization/jax_array_handlers.py", line 1039, in _async_deserialize
    results = await asyncio.gather(*deserialize_ops)
              ^^^^^^^^^^^^^^^^^^^^^^^^^^^^^^^^^^^^^^
  File "/mmhome/boittier/home/mmml/.venv/lib/python3.13/site-packages/orbax/checkpoint/_src/serialization/serialization.py", line 412, in async_deserialize
    raise ValueError(
    ...<2 lines>...
    )
ValueError: sharding passed to deserialization should be specified, concrete and an instance of `jax.sharding.Sharding`. Got None
