HOST=gpu25  DATE=2026-06-29T21:30:07+02:00
JOB=aco_n6400_r2  n_train=6400  n_valid=240  seed=2042  epochs=1000
=== [1/3] PhysNet training ===
[CudaDevice(id=0)]
gpu
[CudaDevice(id=0)]
Namespace(config=None, data='./out/splits/aco/energies_forces_dipoles_train.npz', valid_data=None, ckpt_dir='./ckpts/learning_curve/e1000/aco/n6400/r2', tag='aco1_n6400_r2', model=None, n_train=6400, n_valid=240, seed=2042, batch_size=25, num_epochs=1000, learning_rate=0.001, energy_weight=1000.0, forces_weight=100.0, dipole_weight=1.0, charges_weight=1.0, objective='valid_loss', restart=None, num_atoms=20, features=32, max_degree=2, num_basis_functions=32, num_iterations=3, n_res=3, cutoff=4.0, max_atomic_number=35, zbl=True, use_pbc=False, use_energy_bias=True, optimizer='amsgrad', transform=None, schedule_fn=None, early_stop_patience=None, best=False, save_every_epoch=True, profile_epoch_timing=False, print_freq=1, batch_method='default', batch_args_dict=None, data_keys=None, conversion=None, init_params=None, physnet_checkpoint=None, physnet_transfer_model=None, list_physnet_transfer_models=False, physnet_transfer_category=None, match_checkpoint_architecture=True, distill=False, distill_alpha=1.0, distill_targets=None, teacher_checkpoint=None, metrics_plot=None, log_loss=False, rot_augment=False, rot_perturbation=1.0, charges=True, total_charge=0.0, include_electrostatics=False, efa=False, debug=False, save_config=None, quiet=False)
Checkpoint directory (absolute): /mmhome/boittier/home/mmml_tutorial/acodcm/ckpts/learning_curve/e1000/aco/n6400/r2
Using specified num_atoms = 20
dataR (16800, 20, 3)
dataE [-81.64890567 -81.61583119 -40.98909133 -81.6630987  -81.78574893
 -81.64504849 -81.73795782 -81.85385307 -81.7529597  -81.45295431]
dataE [-81.64890567 -81.61583119 -40.98909133 -81.6630987  -81.78574893
 -81.64504849 -81.73795782 -81.85385307 -81.7529597  -81.45295431]
D (16800, 3)
Saving model to args.model.json
{'features': 32, 'max_degree': 2, 'num_iterations': 3, 'num_basis_functions': 32, 'cutoff': 4.0, 'max_atomic_number': 35, 'charges': True, 'natoms': 20, 'max_padded_atoms': 20, 'total_charge': 0.0, 'n_res': 3, 'n_refinement_blocks': 3, 'zbl': True, 'debug': False, 'efa': False, 'use_energy_bias': True, 'use_pbc': False, 'include_electrostatics': False}
                             Train Data                             
┏━━━━━┳━━━━━━━━━━━━━━━━━━━━━━━━━━━━━━━━━━━━━━━━━━━━━━━━━━━━━━━━━━━━┓
┃ Key ┃ Shape + Stats                                              ┃
┡━━━━━╇━━━━━━━━━━━━━━━━━━━━━━━━━━━━━━━━━━━━━━━━━━━━━━━━━━━━━━━━━━━━┩
│ R   │ shape=(6400, 20, 3) x∈[-18, 18.31] μ=-1.724 σ=7.128        │
│ Z   │ shape=(6400, 20) x∈[0, 8]                                  │
│ F   │ shape=(6400, 20, 3) x∈[-4.556, 4.514] μ=8.423e-10 σ=0.9609 │
│ E   │ shape=(6400, 1) x∈[-82.15, -40.37] μ=-77.68 σ=12.11        │
│ N   │ shape=(6400, 1) x∈[10, 20]                                 │
│ Q   │ shape=(6400, 1) x∈[0, 0] μ=0 σ=0                           │
│ D   │ shape=(6400, 3) x∈[-0.4548, 0.4123] μ=-0.01054 σ=0.166     │
└─────┴────────────────────────────────────────────────────────────┘
                          Validation Data                          
┏━━━━━┳━━━━━━━━━━━━━━━━━━━━━━━━━━━━━━━━━━━━━━━━━━━━━━━━━━━━━━━━━━━┓
┃ Key ┃ Shape + Stats                                             ┃
┡━━━━━╇━━━━━━━━━━━━━━━━━━━━━━━━━━━━━━━━━━━━━━━━━━━━━━━━━━━━━━━━━━━┩
│ R   │ shape=(240, 20, 3) x∈[-17.66, 18.31] μ=-1.555 σ=6.998     │
│ Z   │ shape=(240, 20) x∈[0, 8]                                  │
│ F   │ shape=(240, 20, 3) x∈[-4.446, 4.561] μ=3.571e-10 σ=0.9662 │
│ E   │ shape=(240, 1) x∈[-82.03, -40.48] μ=-78.59 σ=10.77        │
│ N   │ shape=(240, 1) x∈[10, 20]                                 │
│ Q   │ shape=(240, 1) x∈[0, 0] μ=0 σ=0                           │
│ D   │ shape=(240, 3) x∈[-0.3948, 0.3889] μ=-0.007641 σ=0.1663   │
└─────┴───────────────────────────────────────────────────────────┘
Using default (fat) batching method
Training Routine
                       .,,uod8B8bou,,.
              ..,uod8BBBBBBBBBBBBBBBBRPFT?l!i:.
         ,=m8BBBBBBBBBBBBBBBRPFT?!||||||||||||||
         !...:!TVBBBRPFT||||||||||!!^^""'   ||||
         !.......:!?|||||!!^^""'            ||||
         !.........||||                     ||||
         !.........||||  ##                 ||||
         !.........||||      PhysNet        ||||
         !.........||||      JAX            ||||
         !.........||||                     ||||
         !.........||||                     ||||
         `.........||||                    ,||||
          .;.......||||               _.-!!|||||
   .,uodWBBBBb.....||||       _.-!!|||||||||!:'
!YBBBBBBBBBBBBBBb..!|||:..-!!|||||||!iof68BBBBBb....
!..YBBBBBBBBBBBBBBb!!||||||||!iof68BBBBBBRPFT?!::   `.
!....YBBBBBBBBBBBBBBbaaitf68BBBBBBRPFT?!:::::::::     `.
!......YBBBBBBBBBBBBBBBBBBBRPFT?!::::::;:!^"`;:::       `.
!........YBBBBBBBBBBRPFT?!::::::::::^''...::::::;         iBBbo.
`..........YBRPFT?!::::::::::::::::::::::::;iof68bo.      WBBBBbo.
  `..........:::::::::::::::::::::::;iof688888888888b.     `YBBBP^'
    `........::::::::::::::::;iof688888888888888888888b.     `
      `......:::::::::;iof688888888888888888888888888888b.
        `....:::;iof688888888888888888888888888888888899fT!
          `..::!8888888888888888888888888888888899fT|!^"'
            `' !!988888888888888888888888899fT|!^"'
                `!!8888888888888888899fT|!^"'
                  `!988888888899fT|!^"'
                    `!9899fT|!^"'
                      `!^"'
DATA_PATH: /mmhome/boittier/home/mmml/mmml/models/physnetjax/data
LOGS_PATH: /mmhome/boittier/home/mmml/mmml/models/physnetjax/logs
ANALYSIS_PATH: /mmhome/boittier/home/mmml/mmml/models/physnetjax/analysis
MAIN_PATH: /mmhome/boittier/home/mmml/mmml/models/physnetjax
PYCHARMM_DIR: None
Start Time:  19:30:16
                              Optimizer Arguments                               
┏━━━━━━━┳━━━━━━━┳━━━━━━━┳━━━━━━━┳━━━━━━━━┳━━━━━━━┳━━━━━━━━┳━━━━━┳━━━━━━┳━━━━━━━┓
┃ opti… ┃ opti… ┃ sche… ┃ sche… ┃ trans… ┃ redu… ┃ clip_… ┃ b1  ┃ b2   ┃ eps   ┃
┡━━━━━━━╇━━━━━━━╇━━━━━━━╇━━━━━━━╇━━━━━━━━╇━━━━━━━╇━━━━━━━━╇━━━━━╇━━━━━━╇━━━━━━━┩
│ amsg… │ Grad… │ None  │ <fun… │ None   │ Grad… │ 10.0   │ 0.9 │ 0.99 │ 0.001 │
│       │ chai… │       │ cons… │        │ redu… │        │     │      │       │
│       │ at    │       │ at    │        │ at    │        │     │      │       │
│       │ 0x14… │       │ 0x14… │        │ 0x14… │        │     │      │       │
│       │ upda… │       │       │        │ upda… │        │     │      │       │
│       │ chai… │       │       │        │ redu… │        │     │      │       │
│       │ at    │       │       │        │ at    │        │     │      │       │
│       │ 0x14… │       │       │        │ 0x14… │        │     │      │       │
└───────┴───────┴───────┴───────┴────────┴───────┴────────┴─────┴──────┴───────┘
                              Training Parameters                               
┏━━━━━━━━┳━━━━━━━━┳━━━━━━━━┳━━━━━━━━┳━━━━━━━━┳━━━━━━━┳━━━━━━━━┳━━━━━━━┳━━━━━━━━┓
┃ energ… ┃ force… ┃ dipol… ┃ charg… ┃ batch… ┃ num_… ┃ rot_a… ┃ rot_… ┃ train… ┃
┡━━━━━━━━╇━━━━━━━━╇━━━━━━━━╇━━━━━━━━╇━━━━━━━━╇━━━━━━━╇━━━━━━━━╇━━━━━━━╇━━━━━━━━┩
│ 1000.0 │ 100.0  │ 1.0    │ 1.0    │ 25     │ 20    │ False  │ 1.0   │ {'ene… │
│        │        │        │        │        │       │        │       │ 'eV',  │
│        │        │        │        │        │       │        │       │ 'forc… │
│        │        │        │        │        │       │        │       │ 'eV/A… │
│        │        │        │        │        │       │        │       │ 'coor… │
│        │        │        │        │        │       │        │       │ 'Angs… │
└────────┴────────┴────────┴────────┴────────┴───────┴────────┴───────┴────────┘
                                 Training Style                                 
┏━━━━━━━━━┳━━━━━━━┳━━━━━━━━━┳━━━━━━━━━┳━━━━━━━━━┳━━━━━━━━━┳━━━━━━━━━━┳━━━━━━━━━┓
┃ restart ┃ best  ┃ save_e… ┃ data_k… ┃ object… ┃ distill ┃ distill… ┃ distil… ┃
┡━━━━━━━━━╇━━━━━━━╇━━━━━━━━━╇━━━━━━━━━╇━━━━━━━━━╇━━━━━━━━━╇━━━━━━━━━━╇━━━━━━━━━┩
│ None    │ False │ True    │ ('R',   │ valid_… │ False   │ 1.0      │ None    │
│         │       │         │ 'Z',    │         │         │          │         │
│         │       │         │ 'F',    │         │         │          │         │
│         │       │         │ 'N',    │         │         │          │         │
│         │       │         │ 'E',    │         │         │          │         │
│         │       │         │ 'D',    │         │         │          │         │
│         │       │         │ 'batch… │         │         │          │         │
└─────────┴───────┴─────────┴─────────┴─────────┴─────────┴──────────┴─────────┘
                           Validation Batch[0]                            
┏━━━━━━━━━━━━━━━━┳━━━━━━━━━━━━━━━━━━━━━━━━━━━━━━━━━━━━━━━━━━━━━━━━━━━━━━━┓
┃ Key            ┃ Shape + Stats                                         ┃
┡━━━━━━━━━━━━━━━━╇━━━━━━━━━━━━━━━━━━━━━━━━━━━━━━━━━━━━━━━━━━━━━━━━━━━━━━━┩
│ R              │ shape=(500, 3) x∈[-17.5, 16.77] μ=-2.471 σ=6.834      │
│ Z              │ shape=(500,) x∈[0, 8]                                 │
│ F              │ shape=(500, 3) x∈[-4.046, 3.699] μ=5.722e-09 σ=0.9424 │
│ N              │ shape=(25,) x∈[10, 20]                                │
│ E              │ shape=(25, 1) x∈[-82.03, -40.79] μ=-80.05 σ=8.014     │
│ D              │ shape=(25, 3) x∈[-0.3797, 0.3844] μ=-0.01806 σ=0.1759 │
│ dst_idx        │ shape=(9500,) x∈[0, 499]                              │
│ src_idx        │ shape=(9500,) x∈[0, 499]                              │
│ batch_mask     │ shape=(9500,) x∈[0, 1]                                │
│ batch_segments │ shape=(500,) x∈[0, 24]                                │
│ atom_mask      │ shape=(500,) x∈[0, 1]                                 │
└────────────────┴───────────────────────────────────────────────────────┘
                                Model Attributes                                
┏━━━┳━━━┳━━━┳━━━┳━━━━┳━━━┳━━━━┳━━━┳━━━━┳━━━┳━━━━┳━━━┳━━━━┳━━━┳━━━━┳━━━┳━━━━┳━━━┓
┃ … ┃ … ┃ … ┃ … ┃ c… ┃ … ┃ c… ┃ … ┃ m… ┃ … ┃ n… ┃ … ┃ z… ┃ … ┃ e… ┃ … ┃ u… ┃ … ┃
┡━━━╇━━━╇━━━╇━━━╇━━━━╇━━━╇━━━━╇━━━╇━━━━╇━━━╇━━━━╇━━━╇━━━━╇━━━╇━━━━╇━━━╇━━━━╇━━━┩
│ … │ 2 │ 3 │ … │ 4… │ … │ T… │ … │ 20 │ … │ 3  │ 3 │ T… │ … │ F… │ … │ F… │ … │
└───┴───┴───┴───┴────┴───┴────┴───┴────┴───┴────┴───┴────┴───┴────┴───┴────┴───┘
                          PhysNetJax Training Progress                          
┏┳━━┳━━━━┳━━━━━┳━━━━━┳━━━━━━┳━━━━━━━┳━━━━━━━━┳━━━━━━━┳━━━━━━━━┳━━━━━━━┳━━━━━━━━┓
┃┃  ┃ Ef ┃ Tra ┃ Val ┃      ┃       ┃        ┃       ┃        ┃ Train ┃        ┃
┃┃  ┃ f. ┃ in  ┃ id  ┃      ┃ Train ┃ Valid  ┃ Train ┃ Valid  ┃ Dipol ┃ Valid  ┃
┃┃  ┃    ┃ Los ┃ Los ┃ Best ┃ Energ ┃ Energy ┃ Force ┃ Forces ┃ es    ┃ Dipole ┃
┃┃  ┃ LR ┃ s   ┃ s   ┃ Loss ┃ y MAE ┃ MAE    ┃ s MAE ┃ MAE    ┃ MAE   ┃ s MAE  ┃
┡╇━━╇━━━━╇━━━━━╇━━━━━╇━━━━━━╇━━━━━━━╇━━━━━━━━╇━━━━━━━╇━━━━━━━━╇━━━━━━━╇━━━━━━━━┩
││  │ 4. │ 0.6 │ 0.1 │ 0.13 │ 0.125 │ 0.0223 │ 0.012 │ 0.0110 │ 0.027 │ 0.0279 │
││  │ 30 │ 574 │ 430 │ 70   │ 4     │        │ 7     │        │ 7     │        │
││  │ 5e │     │     │      │       │        │       │        │       │        │
││  │ -0 │     │     │      │       │        │       │        │       │        │
││  │ 4  │     │     │      │       │        │       │        │       │        │
││  │ 4. │ 0.6 │ 0.1 │ 0.13 │ 0.124 │ 0.0247 │ 0.012 │ 0.0109 │ 0.027 │ 0.0279 │
││  │ 30 │ 616 │ 454 │ 70   │ 0     │        │ 9     │        │ 7     │        │
││  │ 5e │     │     │      │       │        │       │        │       │        │
││  │ -0 │     │     │      │       │        │       │        │       │        │
││  │ 4  │     │     │      │       │        │       │        │       │        │
││  │ 4. │ 0.6 │ 0.1 │ 0.13 │ 0.124 │ 0.0244 │ 0.012 │ 0.0110 │ 0.027 │ 0.0279 │
││  │ 30 │ 467 │ 456 │ 70   │ 1     │        │ 8     │        │ 7     │        │
││  │ 5e │     │     │      │       │        │       │        │       │        │
││  │ -0 │     │     │      │       │        │       │        │       │        │
││  │ 4  │     │     │      │       │        │       │        │       │        │
││  │ 4. │ 0.6 │ 0.1 │ 0.13 │ 0.124 │ 0.0266 │ 0.012 │ 0.0109 │ 0.027 │ 0.0279 │
││  │ 30 │ 546 │ 480 │ 70   │ 3     │        │ 9     │        │ 8     │        │
││  │ 5e │     │     │      │       │        │       │        │       │        │
││  │ -0 │     │     │      │       │        │       │        │       │        │
││  │ 4  │     │     │      │       │        │       │        │       │        │
││  │ 4. │ 0.6 │ 0.1 │ 0.13 │ 0.126 │ 0.0198 │ 0.012 │ 0.0109 │ 0.027 │ 0.0279 │
││  │ 30 │ 722 │ 390 │ 70   │ 5     │        │ 9     │        │ 8     │        │
││  │ 5e │     │     │      │       │        │       │        │       │        │
││  │ -0 │     │     │      │       │        │       │        │       │        │
││  │ 4  │     │     │      │       │        │       │        │       │        │
││  │ 4. │ 0.6 │ 0.1 │ 0.13 │ 0.127 │ 0.0255 │ 0.012 │ 0.0110 │ 0.027 │ 0.0279 │
││  │ 30 │ 782 │ 470 │ 70   │ 6     │        │ 9     │        │ 8     │        │
││  │ 5e │     │     │      │       │        │       │        │       │        │
││  │ -0 │     │     │      │       │        │       │        │       │        │
││  │ 4  │     │     │      │       │        │       │        │       │        │
││  │ 4. │ 0.6 │ 0.1 │ 0.13 │ 0.128 │ 0.0294 │ 0.012 │ 0.0109 │ 0.027 │ 0.0279 │
││  │ 30 │ 880 │ 519 │ 70   │ 8     │        │ 8     │        │ 8     │        │
││  │ 5e │     │     │      │       │        │       │        │       │        │
││  │ -0 │     │     │      │       │        │       │        │       │        │
││  │ 4  │     │     │      │       │        │       │        │       │        │
││  │ 4. │ 0.7 │ 0.1 │ 0.13 │ 0.129 │ 0.0229 │ 0.013 │ 0.0109 │ 0.027 │ 0.0279 │
││  │ 30 │ 082 │ 423 │ 70   │ 7     │        │ 2     │        │ 8     │        │
││  │ 5e │     │     │      │       │        │       │        │       │        │
││  │ -0 │     │     │      │       │        │       │        │       │        │
││  │ 4  │     │     │      │       │        │       │        │       │        │
││  │ 4. │ 0.7 │ 0.1 │ 0.13 │ 0.130 │ 0.0241 │ 0.012 │ 0.0110 │ 0.027 │ 0.0279 │
││  │ 30 │ 033 │ 450 │ 70   │ 5     │        │ 8     │        │ 7     │        │
││  │ 5e │     │     │      │       │        │       │        │       │        │
││  │ -0 │     │     │      │       │        │       │        │       │        │
││  │ 4  │     │     │      │       │        │       │        │       │        │
││  │ 4. │ 0.6 │ 0.1 │ 0.13 │ 0.126 │ 0.0265 │ 0.013 │ 0.0109 │ 0.027 │ 0.0279 │
││  │ 30 │ 780 │ 478 │ 70   │ 1     │        │ 0     │        │ 8     │        │
││  │ 5e │     │     │      │       │        │       │        │       │        │
││  │ -0 │     │     │      │       │        │       │        │       │        │
││  │ 4  │     │     │      │       │        │       │        │       │        │
└┴──┴────┴─────┴─────┴──────┴───────┴────────┴───────┴────────┴───────┴────────┘
                                Last Checkpoint                                 
┏━━━━━━━━━━━━━━━━━━━━━━━━━━━━━━━━━━━━━━━━━━━━━━━━━━━━━━━━━━━━━━━━━━━━━━━━━━━━━┳┓
┃ Checkpoint                                                                  ┃┃
┡━━━━━━━━━━━━━━━━━━━━━━━━━━━━━━━━━━━━━━━━━━━━━━━━━━━━━━━━━━━━━━━━━━━━━━━━━━━━━╇┩
│ /mmhome/boittier/home/mmml_tutorial/acodcm/ckpts/learning_curve/e1000/aco/… ││
└─────────────────────────────────────────────────────────────────────────────┴┘
Saving portable checkpoint to /mmhome/boittier/home/mmml_tutorial/acodcm/ckpts/learning_curve/e1000/aco/n6400/r2/params_aco1_n6400_r2_2026-06-29_22-43-16.json
Run directory: /mmhome/boittier/home/mmml_tutorial/acodcm/ckpts/learning_curve/e1000/aco/n6400/r2/aco1_n6400_r2-bbf4c06c-ca11-414a-b68d-c750c080c8db
=== [2/3] Learning curves from checkpoints ===
usage: mmml extract-checkpoint-metrics [-h] -o OUTPUT [--log-loss] [--quiet]
                                       [--stride STRIDE]
                                       [--max-epochs MAX_EPOCHS]
                                       [--metrics-json METRICS_JSON]
                                       [--ef-only]
                                       checkpoint_dir
mmml extract-checkpoint-metrics: error: unrecognized arguments: --plot-style google
