HOST=gpu09  DATE=2026-06-29T22:53:26+02:00
JOB=dcm_n12000_r2  n_train=12000  n_valid=450  seed=2042  epochs=1000
=== [1/3] PhysNet training ===
[CudaDevice(id=0)]
gpu
[CudaDevice(id=0)]
Namespace(config=None, data='./out/splits/dcm/energies_forces_dipoles_train.npz', valid_data=None, ckpt_dir='./ckpts/learning_curve/e1000/dcm/n12000/r2', tag='dcm1_n12000_r2', model=None, n_train=12000, n_valid=450, seed=2042, batch_size=25, num_epochs=1000, learning_rate=0.001, energy_weight=1000.0, forces_weight=100.0, dipole_weight=1.0, charges_weight=1.0, objective='valid_loss', restart=None, num_atoms=None, features=32, max_degree=2, num_basis_functions=32, num_iterations=3, n_res=3, cutoff=4.0, max_atomic_number=35, zbl=True, use_pbc=False, use_energy_bias=True, optimizer='amsgrad', transform=None, schedule_fn=None, early_stop_patience=None, best=False, save_every_epoch=True, profile_epoch_timing=False, print_freq=1, batch_method='default', batch_args_dict=None, data_keys=None, conversion=None, init_params=None, physnet_checkpoint=None, physnet_transfer_model=None, list_physnet_transfer_models=False, physnet_transfer_category=None, match_checkpoint_architecture=True, distill=False, distill_alpha=1.0, distill_targets=None, teacher_checkpoint=None, metrics_plot=None, log_loss=False, rot_augment=False, rot_perturbation=1.0, charges=True, total_charge=0.0, include_electrostatics=False, efa=False, debug=False, save_config=None, quiet=False)
Checkpoint directory (absolute): /mmhome/boittier/home/mmml_tutorial/acodcm/ckpts/learning_curve/e1000/dcm/n12000/r2
Auto-detected num_atoms = 10
dataR (33560, 10, 3)
dataE [-43.45069637 -43.44837717 -43.49810193 -43.43578565 -43.64451108
 -43.51424383 -43.25661255 -43.34768087 -21.72998254 -43.37375689]
dataE [-43.45069637 -43.44837717 -43.49810193 -43.43578565 -43.64451108
 -43.51424383 -43.25661255 -43.34768087 -21.72998254 -43.37375689]
D (33560, 3)
Saving model to args.model.json
{'features': 32, 'max_degree': 2, 'num_iterations': 3, 'num_basis_functions': 32, 'cutoff': 4.0, 'max_atomic_number': 35, 'charges': True, 'natoms': 10, 'max_padded_atoms': 10, 'total_charge': 0.0, 'n_res': 3, 'n_refinement_blocks': 3, 'zbl': True, 'debug': False, 'efa': False, 'use_energy_bias': True, 'use_pbc': False, 'include_electrostatics': False}
                              Train Data                              
┏━━━━━┳━━━━━━━━━━━━━━━━━━━━━━━━━━━━━━━━━━━━━━━━━━━━━━━━━━━━━━━━━━━━━━┓
┃ Key ┃ Shape + Stats                                                ┃
┡━━━━━╇━━━━━━━━━━━━━━━━━━━━━━━━━━━━━━━━━━━━━━━━━━━━━━━━━━━━━━━━━━━━━━┩
│ R   │ shape=(12000, 10, 3) x∈[-17.94, 17.67] μ=-0.6877 σ=6.849     │
│ Z   │ shape=(12000, 10) x∈[0, 17]                                  │
│ F   │ shape=(12000, 10, 3) x∈[-3.959, 3.117] μ=-1.414e-10 σ=0.7538 │
│ E   │ shape=(12000, 1) x∈[-43.72, -21.48] μ=-41.36 σ=6.336         │
│ N   │ shape=(12000, 1) x∈[5, 10]                                   │
│ Q   │ shape=(12000, 1) x∈[0, 0] μ=0 σ=0                            │
│ D   │ shape=(12000, 3) x∈[-0.2899, 0.3026] μ=-0.002473 σ=0.1124    │
└─────┴──────────────────────────────────────────────────────────────┘
                          Validation Data                          
┏━━━━━┳━━━━━━━━━━━━━━━━━━━━━━━━━━━━━━━━━━━━━━━━━━━━━━━━━━━━━━━━━━━┓
┃ Key ┃ Shape + Stats                                             ┃
┡━━━━━╇━━━━━━━━━━━━━━━━━━━━━━━━━━━━━━━━━━━━━━━━━━━━━━━━━━━━━━━━━━━┩
│ R   │ shape=(450, 10, 3) x∈[-17.94, 17.67] μ=-0.6295 σ=6.734    │
│ Z   │ shape=(450, 10) x∈[0, 17]                                 │
│ F   │ shape=(450, 10, 3) x∈[-3.921, 3.039] μ=3.428e-10 σ=0.7462 │
│ E   │ shape=(450, 1) x∈[-43.66, -21.55] μ=-41.29 σ=6.451        │
│ N   │ shape=(450, 1) x∈[5, 10]                                  │
│ Q   │ shape=(450, 1) x∈[0, 0] μ=0 σ=0                           │
│ D   │ shape=(450, 3) x∈[-0.2788, 0.2844] μ=-0.005519 σ=0.114    │
└─────┴───────────────────────────────────────────────────────────┘
Using default (fat) batching method
Training Routine
                       .,,uod8B8bou,,.
              ..,uod8BBBBBBBBBBBBBBBBRPFT?l!i:.
         ,=m8BBBBBBBBBBBBBBBRPFT?!||||||||||||||
         !...:!TVBBBRPFT||||||||||!!^^""'   ||||
         !.......:!?|||||!!^^""'            ||||
         !.........||||                     ||||
         !.........||||  ##                 ||||
         !.........||||      PhysNet        ||||
         !.........||||      JAX            ||||
         !.........||||                     ||||
         !.........||||                     ||||
         `.........||||                    ,||||
          .;.......||||               _.-!!|||||
   .,uodWBBBBb.....||||       _.-!!|||||||||!:'
!YBBBBBBBBBBBBBBb..!|||:..-!!|||||||!iof68BBBBBb....
!..YBBBBBBBBBBBBBBb!!||||||||!iof68BBBBBBRPFT?!::   `.
!....YBBBBBBBBBBBBBBbaaitf68BBBBBBRPFT?!:::::::::     `.
!......YBBBBBBBBBBBBBBBBBBBRPFT?!::::::;:!^"`;:::       `.
!........YBBBBBBBBBBRPFT?!::::::::::^''...::::::;         iBBbo.
`..........YBRPFT?!::::::::::::::::::::::::;iof68bo.      WBBBBbo.
  `..........:::::::::::::::::::::::;iof688888888888b.     `YBBBP^'
    `........::::::::::::::::;iof688888888888888888888b.     `
      `......:::::::::;iof688888888888888888888888888888b.
        `....:::;iof688888888888888888888888888888888899fT!
          `..::!8888888888888888888888888888888899fT|!^"'
            `' !!988888888888888888888888899fT|!^"'
                `!!8888888888888888899fT|!^"'
                  `!988888888899fT|!^"'
                    `!9899fT|!^"'
                      `!^"'
DATA_PATH: /mmhome/boittier/home/mmml/mmml/models/physnetjax/data
LOGS_PATH: /mmhome/boittier/home/mmml/mmml/models/physnetjax/logs
ANALYSIS_PATH: /mmhome/boittier/home/mmml/mmml/models/physnetjax/analysis
MAIN_PATH: /mmhome/boittier/home/mmml/mmml/models/physnetjax
PYCHARMM_DIR: None
Start Time:  20:53:29
                              Optimizer Arguments                               
┏━━━━━━━┳━━━━━━━┳━━━━━━━┳━━━━━━━┳━━━━━━━━┳━━━━━━━┳━━━━━━━━┳━━━━━┳━━━━━━┳━━━━━━━┓
┃ opti… ┃ opti… ┃ sche… ┃ sche… ┃ trans… ┃ redu… ┃ clip_… ┃ b1  ┃ b2   ┃ eps   ┃
┡━━━━━━━╇━━━━━━━╇━━━━━━━╇━━━━━━━╇━━━━━━━━╇━━━━━━━╇━━━━━━━━╇━━━━━╇━━━━━━╇━━━━━━━┩
│ amsg… │ Grad… │ None  │ <fun… │ None   │ Grad… │ 10.0   │ 0.9 │ 0.99 │ 0.001 │
│       │ chai… │       │ cons… │        │ redu… │        │     │      │       │
│       │ at    │       │ at    │        │ at    │        │     │      │       │
│       │ 0x14… │       │ 0x14… │        │ 0x14… │        │     │      │       │
│       │ upda… │       │       │        │ upda… │        │     │      │       │
│       │ chai… │       │       │        │ redu… │        │     │      │       │
│       │ at    │       │       │        │ at    │        │     │      │       │
│       │ 0x14… │       │       │        │ 0x14… │        │     │      │       │
└───────┴───────┴───────┴───────┴────────┴───────┴────────┴─────┴──────┴───────┘
                              Training Parameters                               
┏━━━━━━━━┳━━━━━━━━┳━━━━━━━━┳━━━━━━━━┳━━━━━━━━┳━━━━━━━┳━━━━━━━━┳━━━━━━━┳━━━━━━━━┓
┃ energ… ┃ force… ┃ dipol… ┃ charg… ┃ batch… ┃ num_… ┃ rot_a… ┃ rot_… ┃ train… ┃
┡━━━━━━━━╇━━━━━━━━╇━━━━━━━━╇━━━━━━━━╇━━━━━━━━╇━━━━━━━╇━━━━━━━━╇━━━━━━━╇━━━━━━━━┩
│ 1000.0 │ 100.0  │ 1.0    │ 1.0    │ 25     │ 10    │ False  │ 1.0   │ {'ene… │
│        │        │        │        │        │       │        │       │ 'eV',  │
│        │        │        │        │        │       │        │       │ 'forc… │
│        │        │        │        │        │       │        │       │ 'eV/A… │
│        │        │        │        │        │       │        │       │ 'coor… │
│        │        │        │        │        │       │        │       │ 'Angs… │
└────────┴────────┴────────┴────────┴────────┴───────┴────────┴───────┴────────┘
                                 Training Style                                 
┏━━━━━━━━━┳━━━━━━━┳━━━━━━━━━┳━━━━━━━━━┳━━━━━━━━━┳━━━━━━━━━┳━━━━━━━━━━┳━━━━━━━━━┓
┃ restart ┃ best  ┃ save_e… ┃ data_k… ┃ object… ┃ distill ┃ distill… ┃ distil… ┃
┡━━━━━━━━━╇━━━━━━━╇━━━━━━━━━╇━━━━━━━━━╇━━━━━━━━━╇━━━━━━━━━╇━━━━━━━━━━╇━━━━━━━━━┩
│ None    │ False │ True    │ ('R',   │ valid_… │ False   │ 1.0      │ None    │
│         │       │         │ 'Z',    │         │         │          │         │
│         │       │         │ 'F',    │         │         │          │         │
│         │       │         │ 'N',    │         │         │          │         │
│         │       │         │ 'E',    │         │         │          │         │
│         │       │         │ 'D',    │         │         │          │         │
│         │       │         │ 'batch… │         │         │          │         │
└─────────┴───────┴─────────┴─────────┴─────────┴─────────┴──────────┴─────────┘
                            Validation Batch[0]                            
┏━━━━━━━━━━━━━━━━┳━━━━━━━━━━━━━━━━━━━━━━━━━━━━━━━━━━━━━━━━━━━━━━━━━━━━━━━━┓
┃ Key            ┃ Shape + Stats                                          ┃
┡━━━━━━━━━━━━━━━━╇━━━━━━━━━━━━━━━━━━━━━━━━━━━━━━━━━━━━━━━━━━━━━━━━━━━━━━━━┩
│ R              │ shape=(250, 3) x∈[-15.38, 17.29] μ=-0.558 σ=7.313      │
│ Z              │ shape=(250,) x∈[0, 17]                                 │
│ F              │ shape=(250, 3) x∈[-2.354, 2.602] μ=-4.768e-09 σ=0.7419 │
│ N              │ shape=(25,) x∈[5, 10]                                  │
│ E              │ shape=(25, 1) x∈[-43.6, -21.68] μ=-42.57 σ=4.265       │
│ D              │ shape=(25, 3) x∈[-0.2788, 0.247] μ=-0.009204 σ=0.1114  │
│ dst_idx        │ shape=(2250,) x∈[0, 249]                               │
│ src_idx        │ shape=(2250,) x∈[0, 249]                               │
│ batch_mask     │ shape=(2250,) x∈[0, 1]                                 │
│ batch_segments │ shape=(250,) x∈[0, 24]                                 │
│ atom_mask      │ shape=(250,) x∈[0, 1]                                  │
└────────────────┴────────────────────────────────────────────────────────┘
                                Model Attributes                                
┏━━━┳━━━┳━━━┳━━━┳━━━━┳━━━┳━━━━┳━━━┳━━━━┳━━━┳━━━━┳━━━┳━━━━┳━━━┳━━━━┳━━━┳━━━━┳━━━┓
┃ … ┃ … ┃ … ┃ … ┃ c… ┃ … ┃ c… ┃ … ┃ m… ┃ … ┃ n… ┃ … ┃ z… ┃ … ┃ e… ┃ … ┃ u… ┃ … ┃
┡━━━╇━━━╇━━━╇━━━╇━━━━╇━━━╇━━━━╇━━━╇━━━━╇━━━╇━━━━╇━━━╇━━━━╇━━━╇━━━━╇━━━╇━━━━╇━━━┩
│ … │ 2 │ 3 │ … │ 4… │ … │ T… │ … │ 10 │ … │ 3  │ 3 │ T… │ … │ F… │ … │ F… │ … │
└───┴───┴───┴───┴────┴───┴────┴───┴────┴───┴────┴───┴────┴───┴────┴───┴────┴───┘
                          PhysNetJax Training Progress                          
┏┳━━┳━━━━┳━━━━━┳━━━━━┳━━━━━━┳━━━━━━━┳━━━━━━━━┳━━━━━━━┳━━━━━━━━┳━━━━━━━┳━━━━━━━━┓
┃┃  ┃ Ef ┃ Tra ┃ Val ┃      ┃       ┃        ┃       ┃        ┃ Train ┃        ┃
┃┃  ┃ f. ┃ in  ┃ id  ┃      ┃ Train ┃ Valid  ┃ Train ┃ Valid  ┃ Dipol ┃ Valid  ┃
┃┃  ┃    ┃ Los ┃ Los ┃ Best ┃ Energ ┃ Energy ┃ Force ┃ Forces ┃ es    ┃ Dipole ┃
┃┃  ┃ LR ┃ s   ┃ s   ┃ Loss ┃ y MAE ┃ MAE    ┃ s MAE ┃ MAE    ┃ MAE   ┃ s MAE  ┃
┡╇━━╇━━━━╇━━━━━╇━━━━━╇━━━━━━╇━━━━━━━╇━━━━━━━━╇━━━━━━━╇━━━━━━━━╇━━━━━━━╇━━━━━━━━┩
││  │ 5. │ 0.1 │ 0.0 │ 0.03 │ 0.036 │ 9.526e │ 5.124 │ 3.953e │ 0.012 │ 0.0122 │
││  │ 31 │ 150 │ 320 │ 17   │ 0     │ -03    │ e-03  │ -03    │ 9     │        │
││  │ 4e │     │     │      │       │        │       │        │       │        │
││  │ -0 │     │     │      │       │        │       │        │       │        │
││  │ 4  │     │     │      │       │        │       │        │       │        │
││  │ 5. │ 0.1 │ 0.0 │ 0.03 │ 0.037 │ 9.747e │ 5.112 │ 3.937e │ 0.012 │ 0.0122 │
││  │ 31 │ 220 │ 320 │ 17   │ 5     │ -03    │ e-03  │ -03    │ 9     │        │
││  │ 4e │     │     │      │       │        │       │        │       │        │
││  │ -0 │     │     │      │       │        │       │        │       │        │
││  │ 4  │     │     │      │       │        │       │        │       │        │
││  │ 5. │ 0.1 │ 0.0 │ 0.03 │ 0.038 │ 7.964e │ 4.997 │ 3.958e │ 0.012 │ 0.0122 │
││  │ 31 │ 274 │ 323 │ 17   │ 8     │ -03    │ e-03  │ -03    │ 9     │        │
││  │ 4e │     │     │      │       │        │       │        │       │        │
││  │ -0 │     │     │      │       │        │       │        │       │        │
││  │ 4  │     │     │      │       │        │       │        │       │        │
││  │ 5. │ 0.1 │ 0.0 │ 0.03 │ 0.037 │ 8.291e │ 5.024 │ 3.964e │ 0.012 │ 0.0122 │
││  │ 31 │ 233 │ 319 │ 17   │ 8     │ -03    │ e-03  │ -03    │ 9     │        │
││  │ 4e │     │     │      │       │        │       │        │       │        │
││  │ -0 │     │     │      │       │        │       │        │       │        │
││  │ 4  │     │     │      │       │        │       │        │       │        │
││  │ 5. │ 0.1 │ 0.0 │ 0.03 │ 0.037 │ 7.709e │ 5.081 │ 3.977e │ 0.012 │ 0.0122 │
││  │ 31 │ 198 │ 323 │ 17   │ 2     │ -03    │ e-03  │ -03    │ 9     │        │
││  │ 4e │     │     │      │       │        │       │        │       │        │
││  │ -0 │     │     │      │       │        │       │        │       │        │
││  │ 4  │     │     │      │       │        │       │        │       │        │
││  │ 5. │ 0.1 │ 0.0 │ 0.03 │ 0.037 │ 7.952e │ 4.984 │ 3.953e │ 0.012 │ 0.0122 │
││  │ 31 │ 204 │ 323 │ 17   │ 5     │ -03    │ e-03  │ -03    │ 9     │        │
││  │ 4e │     │     │      │       │        │       │        │       │        │
││  │ -0 │     │     │      │       │        │       │        │       │        │
││  │ 4  │     │     │      │       │        │       │        │       │        │
││  │ 5. │ 0.1 │ 0.0 │ 0.03 │ 0.038 │ 8.012e │ 5.094 │ 3.979e │ 0.012 │ 0.0121 │
││  │ 31 │ 272 │ 324 │ 17   │ 8     │ -03    │ e-03  │ -03    │ 9     │        │
││  │ 4e │     │     │      │       │        │       │        │       │        │
││  │ -0 │     │     │      │       │        │       │        │       │        │
││  │ 4  │     │     │      │       │        │       │        │       │        │
││  │ 5. │ 0.1 │ 0.0 │ 0.03 │ 0.037 │ 8.131e │ 5.103 │ 4.005e │ 0.012 │ 0.0121 │
││  │ 31 │ 201 │ 322 │ 17   │ 1     │ -03    │ e-03  │ -03    │ 9     │        │
││  │ 4e │     │     │      │       │        │       │        │       │        │
││  │ -0 │     │     │      │       │        │       │        │       │        │
││  │ 4  │     │     │      │       │        │       │        │       │        │
││  │ 5. │ 0.1 │ 0.0 │ 0.03 │ 0.036 │ 7.840e │ 5.030 │ 3.955e │ 0.012 │ 0.0121 │
││  │ 31 │ 164 │ 326 │ 17   │ 4     │ -03    │ e-03  │ -03    │ 9     │        │
││  │ 4e │     │     │      │       │        │       │        │       │        │
││  │ -0 │     │     │      │       │        │       │        │       │        │
││  │ 4  │     │     │      │       │        │       │        │       │        │
││  │ 5. │ 0.1 │ 0.0 │ 0.03 │ 0.035 │ 8.087e │ 4.948 │ 3.927e │ 0.012 │ 0.0121 │
││  │ 31 │ 134 │ 320 │ 17   │ 9     │ -03    │ e-03  │ -03    │ 9     │        │
││  │ 4e │     │     │      │       │        │       │        │       │        │
││  │ -0 │     │     │      │       │        │       │        │       │        │
││  │ 4  │     │     │      │       │        │       │        │       │        │
└┴──┴────┴─────┴─────┴──────┴───────┴────────┴───────┴────────┴───────┴────────┘
                                Last Checkpoint                                 
┏━━━━━━━━━━━━━━━━━━━━━━━━━━━━━━━━━━━━━━━━━━━━━━━━━━━━━━━━━━━━━━━━━━━━━━━━━━━━━┳┓
┃ Checkpoint                                                                  ┃┃
┡━━━━━━━━━━━━━━━━━━━━━━━━━━━━━━━━━━━━━━━━━━━━━━━━━━━━━━━━━━━━━━━━━━━━━━━━━━━━━╇┩
│ /mmhome/boittier/home/mmml_tutorial/acodcm/ckpts/learning_curve/e1000/dcm/… ││
└─────────────────────────────────────────────────────────────────────────────┴┘
Saving portable checkpoint to /mmhome/boittier/home/mmml_tutorial/acodcm/ckpts/learning_curve/e1000/dcm/n12000/r2/params_dcm1_n12000_r2_2026-06-29_23-23-34.json
Run directory: /mmhome/boittier/home/mmml_tutorial/acodcm/ckpts/learning_curve/e1000/dcm/n12000/r2/dcm1_n12000_r2-2f54c481-4baa-49d4-b07b-1270cacf7b2e
=== [2/3] Learning curves from checkpoints ===
usage: mmml extract-checkpoint-metrics [-h] -o OUTPUT [--log-loss] [--quiet]
                                       [--stride STRIDE]
                                       [--max-epochs MAX_EPOCHS]
                                       [--metrics-json METRICS_JSON]
                                       [--ef-only]
                                       checkpoint_dir
mmml extract-checkpoint-metrics: error: unrecognized arguments: --plot-style google
