HOST=gpu08  DATE=2026-06-29T22:58:12+02:00
JOB=dcm_n12000_r3  n_train=12000  n_valid=450  seed=3042  epochs=1000
=== [1/3] PhysNet training ===
[CudaDevice(id=0)]
gpu
[CudaDevice(id=0)]
Namespace(config=None, data='./out/splits/dcm/energies_forces_dipoles_train.npz', valid_data=None, ckpt_dir='./ckpts/learning_curve/e1000/dcm/n12000/r3', tag='dcm1_n12000_r3', model=None, n_train=12000, n_valid=450, seed=3042, batch_size=25, num_epochs=1000, learning_rate=0.001, energy_weight=1000.0, forces_weight=100.0, dipole_weight=1.0, charges_weight=1.0, objective='valid_loss', restart=None, num_atoms=None, features=32, max_degree=2, num_basis_functions=32, num_iterations=3, n_res=3, cutoff=4.0, max_atomic_number=35, zbl=True, use_pbc=False, use_energy_bias=True, optimizer='amsgrad', transform=None, schedule_fn=None, early_stop_patience=None, best=False, save_every_epoch=True, profile_epoch_timing=False, print_freq=1, batch_method='default', batch_args_dict=None, data_keys=None, conversion=None, init_params=None, physnet_checkpoint=None, physnet_transfer_model=None, list_physnet_transfer_models=False, physnet_transfer_category=None, match_checkpoint_architecture=True, distill=False, distill_alpha=1.0, distill_targets=None, teacher_checkpoint=None, metrics_plot=None, log_loss=False, rot_augment=False, rot_perturbation=1.0, charges=True, total_charge=0.0, include_electrostatics=False, efa=False, debug=False, save_config=None, quiet=False)
Checkpoint directory (absolute): /mmhome/boittier/home/mmml_tutorial/acodcm/ckpts/learning_curve/e1000/dcm/n12000/r3
Auto-detected num_atoms = 10
dataR (33560, 10, 3)
dataE [-43.45069637 -43.44837717 -43.49810193 -43.43578565 -43.64451108
 -43.51424383 -43.25661255 -43.34768087 -21.72998254 -43.37375689]
dataE [-43.45069637 -43.44837717 -43.49810193 -43.43578565 -43.64451108
 -43.51424383 -43.25661255 -43.34768087 -21.72998254 -43.37375689]
D (33560, 3)
Saving model to args.model.json
{'features': 32, 'max_degree': 2, 'num_iterations': 3, 'num_basis_functions': 32, 'cutoff': 4.0, 'max_atomic_number': 35, 'charges': True, 'natoms': 10, 'max_padded_atoms': 10, 'total_charge': 0.0, 'n_res': 3, 'n_refinement_blocks': 3, 'zbl': True, 'debug': False, 'efa': False, 'use_energy_bias': True, 'use_pbc': False, 'include_electrostatics': False}
                              Train Data                              
┏━━━━━┳━━━━━━━━━━━━━━━━━━━━━━━━━━━━━━━━━━━━━━━━━━━━━━━━━━━━━━━━━━━━━━┓
┃ Key ┃ Shape + Stats                                                ┃
┡━━━━━╇━━━━━━━━━━━━━━━━━━━━━━━━━━━━━━━━━━━━━━━━━━━━━━━━━━━━━━━━━━━━━━┩
│ R   │ shape=(12000, 10, 3) x∈[-17.94, 17.67] μ=-0.7056 σ=6.867     │
│ Z   │ shape=(12000, 10) x∈[0, 17]                                  │
│ F   │ shape=(12000, 10, 3) x∈[-3.959, 3.117] μ=-7.142e-11 σ=0.7501 │
│ E   │ shape=(12000, 1) x∈[-43.72, -21.43] μ=-41.33 σ=6.386         │
│ N   │ shape=(12000, 1) x∈[5, 10]                                   │
│ Q   │ shape=(12000, 1) x∈[0, 0] μ=0 σ=0                            │
│ D   │ shape=(12000, 3) x∈[-0.2899, 0.3026] μ=-0.002471 σ=0.1122    │
└─────┴──────────────────────────────────────────────────────────────┘
                          Validation Data                          
┏━━━━━┳━━━━━━━━━━━━━━━━━━━━━━━━━━━━━━━━━━━━━━━━━━━━━━━━━━━━━━━━━━━┓
┃ Key ┃ Shape + Stats                                             ┃
┡━━━━━╇━━━━━━━━━━━━━━━━━━━━━━━━━━━━━━━━━━━━━━━━━━━━━━━━━━━━━━━━━━━┩
│ R   │ shape=(450, 10, 3) x∈[-17.94, 17.67] μ=-0.4766 σ=6.964    │
│ Z   │ shape=(450, 10) x∈[0, 17]                                 │
│ F   │ shape=(450, 10, 3) x∈[-3.919, 3.037] μ=3.428e-10 σ=0.7435 │
│ E   │ shape=(450, 1) x∈[-43.66, -21.47] μ=-41.43 σ=6.252        │
│ N   │ shape=(450, 1) x∈[5, 10]                                  │
│ Q   │ shape=(450, 1) x∈[0, 0] μ=0 σ=0                           │
│ D   │ shape=(450, 3) x∈[-0.2849, 0.2706] μ=-0.007933 σ=0.1088   │
└─────┴───────────────────────────────────────────────────────────┘
Using default (fat) batching method
Training Routine
                       .,,uod8B8bou,,.
              ..,uod8BBBBBBBBBBBBBBBBRPFT?l!i:.
         ,=m8BBBBBBBBBBBBBBBRPFT?!||||||||||||||
         !...:!TVBBBRPFT||||||||||!!^^""'   ||||
         !.......:!?|||||!!^^""'            ||||
         !.........||||                     ||||
         !.........||||  ##                 ||||
         !.........||||      PhysNet        ||||
         !.........||||      JAX            ||||
         !.........||||                     ||||
         !.........||||                     ||||
         `.........||||                    ,||||
          .;.......||||               _.-!!|||||
   .,uodWBBBBb.....||||       _.-!!|||||||||!:'
!YBBBBBBBBBBBBBBb..!|||:..-!!|||||||!iof68BBBBBb....
!..YBBBBBBBBBBBBBBb!!||||||||!iof68BBBBBBRPFT?!::   `.
!....YBBBBBBBBBBBBBBbaaitf68BBBBBBRPFT?!:::::::::     `.
!......YBBBBBBBBBBBBBBBBBBBRPFT?!::::::;:!^"`;:::       `.
!........YBBBBBBBBBBRPFT?!::::::::::^''...::::::;         iBBbo.
`..........YBRPFT?!::::::::::::::::::::::::;iof68bo.      WBBBBbo.
  `..........:::::::::::::::::::::::;iof688888888888b.     `YBBBP^'
    `........::::::::::::::::;iof688888888888888888888b.     `
      `......:::::::::;iof688888888888888888888888888888b.
        `....:::;iof688888888888888888888888888888888899fT!
          `..::!8888888888888888888888888888888899fT|!^"'
            `' !!988888888888888888888888899fT|!^"'
                `!!8888888888888888899fT|!^"'
                  `!988888888899fT|!^"'
                    `!9899fT|!^"'
                      `!^"'
DATA_PATH: /mmhome/boittier/home/mmml/mmml/models/physnetjax/data
LOGS_PATH: /mmhome/boittier/home/mmml/mmml/models/physnetjax/logs
ANALYSIS_PATH: /mmhome/boittier/home/mmml/mmml/models/physnetjax/analysis
MAIN_PATH: /mmhome/boittier/home/mmml/mmml/models/physnetjax
PYCHARMM_DIR: None
Start Time:  20:58:15
                              Optimizer Arguments                               
┏━━━━━━━┳━━━━━━━┳━━━━━━━┳━━━━━━━┳━━━━━━━━┳━━━━━━━┳━━━━━━━━┳━━━━━┳━━━━━━┳━━━━━━━┓
┃ opti… ┃ opti… ┃ sche… ┃ sche… ┃ trans… ┃ redu… ┃ clip_… ┃ b1  ┃ b2   ┃ eps   ┃
┡━━━━━━━╇━━━━━━━╇━━━━━━━╇━━━━━━━╇━━━━━━━━╇━━━━━━━╇━━━━━━━━╇━━━━━╇━━━━━━╇━━━━━━━┩
│ amsg… │ Grad… │ None  │ <fun… │ None   │ Grad… │ 10.0   │ 0.9 │ 0.99 │ 0.001 │
│       │ chai… │       │ cons… │        │ redu… │        │     │      │       │
│       │ at    │       │ at    │        │ at    │        │     │      │       │
│       │ 0x15… │       │ 0x15… │        │ 0x15… │        │     │      │       │
│       │ upda… │       │       │        │ upda… │        │     │      │       │
│       │ chai… │       │       │        │ redu… │        │     │      │       │
│       │ at    │       │       │        │ at    │        │     │      │       │
│       │ 0x15… │       │       │        │ 0x15… │        │     │      │       │
└───────┴───────┴───────┴───────┴────────┴───────┴────────┴─────┴──────┴───────┘
                              Training Parameters                               
┏━━━━━━━━┳━━━━━━━━┳━━━━━━━━┳━━━━━━━━┳━━━━━━━━┳━━━━━━━┳━━━━━━━━┳━━━━━━━┳━━━━━━━━┓
┃ energ… ┃ force… ┃ dipol… ┃ charg… ┃ batch… ┃ num_… ┃ rot_a… ┃ rot_… ┃ train… ┃
┡━━━━━━━━╇━━━━━━━━╇━━━━━━━━╇━━━━━━━━╇━━━━━━━━╇━━━━━━━╇━━━━━━━━╇━━━━━━━╇━━━━━━━━┩
│ 1000.0 │ 100.0  │ 1.0    │ 1.0    │ 25     │ 10    │ False  │ 1.0   │ {'ene… │
│        │        │        │        │        │       │        │       │ 'eV',  │
│        │        │        │        │        │       │        │       │ 'forc… │
│        │        │        │        │        │       │        │       │ 'eV/A… │
│        │        │        │        │        │       │        │       │ 'coor… │
│        │        │        │        │        │       │        │       │ 'Angs… │
└────────┴────────┴────────┴────────┴────────┴───────┴────────┴───────┴────────┘
                                 Training Style                                 
┏━━━━━━━━━┳━━━━━━━┳━━━━━━━━━┳━━━━━━━━━┳━━━━━━━━━┳━━━━━━━━━┳━━━━━━━━━━┳━━━━━━━━━┓
┃ restart ┃ best  ┃ save_e… ┃ data_k… ┃ object… ┃ distill ┃ distill… ┃ distil… ┃
┡━━━━━━━━━╇━━━━━━━╇━━━━━━━━━╇━━━━━━━━━╇━━━━━━━━━╇━━━━━━━━━╇━━━━━━━━━━╇━━━━━━━━━┩
│ None    │ False │ True    │ ('R',   │ valid_… │ False   │ 1.0      │ None    │
│         │       │         │ 'Z',    │         │         │          │         │
│         │       │         │ 'F',    │         │         │          │         │
│         │       │         │ 'N',    │         │         │          │         │
│         │       │         │ 'E',    │         │         │          │         │
│         │       │         │ 'D',    │         │         │          │         │
│         │       │         │ 'batch… │         │         │          │         │
└─────────┴───────┴─────────┴─────────┴─────────┴─────────┴──────────┴─────────┘
                           Validation Batch[0]                            
┏━━━━━━━━━━━━━━━━┳━━━━━━━━━━━━━━━━━━━━━━━━━━━━━━━━━━━━━━━━━━━━━━━━━━━━━━━┓
┃ Key            ┃ Shape + Stats                                         ┃
┡━━━━━━━━━━━━━━━━╇━━━━━━━━━━━━━━━━━━━━━━━━━━━━━━━━━━━━━━━━━━━━━━━━━━━━━━━┩
│ R              │ shape=(250, 3) x∈[-16.66, 17.67] μ=0.3096 σ=7.36      │
│ Z              │ shape=(250,) x∈[0, 17]                                │
│ F              │ shape=(250, 3) x∈[-3.916, 2.306] μ=-4.45e-09 σ=0.7562 │
│ N              │ shape=(25,) x∈[5, 10]                                 │
│ E              │ shape=(25, 1) x∈[-43.58, -21.75] μ=-41.66 σ=5.871     │
│ D              │ shape=(25, 3) x∈[-0.2849, 0.2706] μ=-0.01213 σ=0.1144 │
│ dst_idx        │ shape=(2250,) x∈[0, 249]                              │
│ src_idx        │ shape=(2250,) x∈[0, 249]                              │
│ batch_mask     │ shape=(2250,) x∈[0, 1]                                │
│ batch_segments │ shape=(250,) x∈[0, 24]                                │
│ atom_mask      │ shape=(250,) x∈[0, 1]                                 │
└────────────────┴───────────────────────────────────────────────────────┘
                                Model Attributes                                
┏━━━┳━━━┳━━━┳━━━┳━━━━┳━━━┳━━━━┳━━━┳━━━━┳━━━┳━━━━┳━━━┳━━━━┳━━━┳━━━━┳━━━┳━━━━┳━━━┓
┃ … ┃ … ┃ … ┃ … ┃ c… ┃ … ┃ c… ┃ … ┃ m… ┃ … ┃ n… ┃ … ┃ z… ┃ … ┃ e… ┃ … ┃ u… ┃ … ┃
┡━━━╇━━━╇━━━╇━━━╇━━━━╇━━━╇━━━━╇━━━╇━━━━╇━━━╇━━━━╇━━━╇━━━━╇━━━╇━━━━╇━━━╇━━━━╇━━━┩
│ … │ 2 │ 3 │ … │ 4… │ … │ T… │ … │ 10 │ … │ 3  │ 3 │ T… │ … │ F… │ … │ F… │ … │
└───┴───┴───┴───┴────┴───┴────┴───┴────┴───┴────┴───┴────┴───┴────┴───┴────┴───┘
                          PhysNetJax Training Progress                          
┏┳━━┳━━━━┳━━━━━┳━━━━━┳━━━━━━┳━━━━━━━┳━━━━━━━━┳━━━━━━━┳━━━━━━━━┳━━━━━━━┳━━━━━━━━┓
┃┃  ┃ Ef ┃ Tra ┃ Val ┃      ┃       ┃        ┃       ┃        ┃ Train ┃        ┃
┃┃  ┃ f. ┃ in  ┃ id  ┃      ┃ Train ┃ Valid  ┃ Train ┃ Valid  ┃ Dipol ┃ Valid  ┃
┃┃  ┃    ┃ Los ┃ Los ┃ Best ┃ Energ ┃ Energy ┃ Force ┃ Forces ┃ es    ┃ Dipole ┃
┃┃  ┃ LR ┃ s   ┃ s   ┃ Loss ┃ y MAE ┃ MAE    ┃ s MAE ┃ MAE    ┃ MAE   ┃ s MAE  ┃
┡╇━━╇━━━━╇━━━━━╇━━━━━╇━━━━━━╇━━━━━━━╇━━━━━━━━╇━━━━━━━╇━━━━━━━━╇━━━━━━━╇━━━━━━━━┩
││  │ 5. │ 0.1 │ 0.0 │ 0.03 │ 0.037 │ 9.241e │ 4.863 │ 4.038e │ 0.022 │ 0.0224 │
││  │ 31 │ 183 │ 343 │ 39   │ 2     │ -03    │ e-03  │ -03    │ 9     │        │
││  │ 4e │     │     │      │       │        │       │        │       │        │
││  │ -0 │     │     │      │       │        │       │        │       │        │
││  │ 4  │     │     │      │       │        │       │        │       │        │
││  │ 5. │ 0.1 │ 0.0 │ 0.03 │ 0.036 │ 9.196e │ 4.891 │ 4.030e │ 0.022 │ 0.0224 │
││  │ 31 │ 162 │ 342 │ 39   │ 5     │ -03    │ e-03  │ -03    │ 9     │        │
││  │ 4e │     │     │      │       │        │       │        │       │        │
││  │ -0 │     │     │      │       │        │       │        │       │        │
││  │ 4  │     │     │      │       │        │       │        │       │        │
││  │ 5. │ 0.1 │ 0.0 │ 0.03 │ 0.036 │ 8.950e │ 4.866 │ 4.032e │ 0.022 │ 0.0224 │
││  │ 31 │ 148 │ 346 │ 39   │ 3     │ -03    │ e-03  │ -03    │ 9     │        │
││  │ 4e │     │     │      │       │        │       │        │       │        │
││  │ -0 │     │     │      │       │        │       │        │       │        │
││  │ 4  │     │     │      │       │        │       │        │       │        │
││  │ 5. │ 0.1 │ 0.0 │ 0.03 │ 0.036 │ 8.923e │ 4.926 │ 4.017e │ 0.022 │ 0.0224 │
││  │ 31 │ 163 │ 355 │ 39   │ 6     │ -03    │ e-03  │ -03    │ 9     │        │
││  │ 4e │     │     │      │       │        │       │        │       │        │
││  │ -0 │     │     │      │       │        │       │        │       │        │
││  │ 4  │     │     │      │       │        │       │        │       │        │
││  │ 5. │ 0.1 │ 0.0 │ 0.03 │ 0.036 │ 9.016e │ 4.994 │ 4.024e │ 0.022 │ 0.0224 │
││  │ 31 │ 172 │ 344 │ 39   │ 7     │ -03    │ e-03  │ -03    │ 8     │        │
││  │ 4e │     │     │      │       │        │       │        │       │        │
││  │ -0 │     │     │      │       │        │       │        │       │        │
││  │ 4  │     │     │      │       │        │       │        │       │        │
││  │ 5. │ 0.1 │ 0.0 │ 0.03 │ 0.036 │ 9.244e │ 4.803 │ 4.034e │ 0.022 │ 0.0224 │
││  │ 31 │ 174 │ 340 │ 39   │ 9     │ -03    │ e-03  │ -03    │ 9     │        │
││  │ 4e │     │     │      │       │        │       │        │       │        │
││  │ -0 │     │     │      │       │        │       │        │       │        │
││  │ 4  │     │     │      │       │        │       │        │       │        │
││  │ 5. │ 0.1 │ 0.0 │ 0.03 │ 0.036 │ 9.034e │ 4.907 │ 4.007e │ 0.022 │ 0.0224 │
││  │ 31 │ 184 │ 340 │ 39   │ 7     │ -03    │ e-03  │ -03    │ 8     │        │
││  │ 4e │     │     │      │       │        │       │        │       │        │
││  │ -0 │     │     │      │       │        │       │        │       │        │
││  │ 4  │     │     │      │       │        │       │        │       │        │
││  │ 5. │ 0.1 │ 0.0 │ 0.03 │ 0.035 │ 9.419e │ 4.897 │ 4.030e │ 0.022 │ 0.0223 │
││  │ 31 │ 103 │ 337 │ 37   │ 3     │ -03    │ e-03  │ -03    │ 8     │        │
││  │ 4e │     │     │      │       │        │       │        │       │        │
││  │ -0 │     │     │      │       │        │       │        │       │        │
││  │ 4  │     │     │      │       │        │       │        │       │        │
││  │ 5. │ 0.1 │ 0.0 │ 0.03 │ 0.035 │ 9.192e │ 4.811 │ 4.031e │ 0.022 │ 0.0223 │
││  │ 31 │ 095 │ 340 │ 37   │ 1     │ -03    │ e-03  │ -03    │ 8     │        │
││  │ 4e │     │     │      │       │        │       │        │       │        │
││  │ -0 │     │     │      │       │        │       │        │       │        │
││  │ 4  │     │     │      │       │        │       │        │       │        │
││  │ 5. │ 0.1 │ 0.0 │ 0.03 │ 0.035 │ 9.370e │ 4.909 │ 4.005e │ 0.022 │ 0.0223 │
││  │ 31 │ 099 │ 336 │ 36   │ 1     │ -03    │ e-03  │ -03    │ 8     │        │
││  │ 4e │     │     │      │       │        │       │        │       │        │
││  │ -0 │     │     │      │       │        │       │        │       │        │
││  │ 4  │     │     │      │       │        │       │        │       │        │
└┴──┴────┴─────┴─────┴──────┴───────┴────────┴───────┴────────┴───────┴────────┘
                                Last Checkpoint                                 
┏━━━━━━━━━━━━━━━━━━━━━━━━━━━━━━━━━━━━━━━━━━━━━━━━━━━━━━━━━━━━━━━━━━━━━━━━━━━━━┳┓
┃ Checkpoint                                                                  ┃┃
┡━━━━━━━━━━━━━━━━━━━━━━━━━━━━━━━━━━━━━━━━━━━━━━━━━━━━━━━━━━━━━━━━━━━━━━━━━━━━━╇┩
│ /mmhome/boittier/home/mmml_tutorial/acodcm/ckpts/learning_curve/e1000/dcm/… ││
└─────────────────────────────────────────────────────────────────────────────┴┘
Saving portable checkpoint to /mmhome/boittier/home/mmml_tutorial/acodcm/ckpts/learning_curve/e1000/dcm/n12000/r3/params_dcm1_n12000_r3_2026-06-29_23-28-25.json
Run directory: /mmhome/boittier/home/mmml_tutorial/acodcm/ckpts/learning_curve/e1000/dcm/n12000/r3/dcm1_n12000_r3-f94800b4-7811-490e-8f0f-ccee52ce26c8
=== [2/3] Learning curves from checkpoints ===
usage: mmml extract-checkpoint-metrics [-h] -o OUTPUT [--log-loss] [--quiet]
                                       [--stride STRIDE]
                                       [--max-epochs MAX_EPOCHS]
                                       [--metrics-json METRICS_JSON]
                                       [--ef-only]
                                       checkpoint_dir
mmml extract-checkpoint-metrics: error: unrecognized arguments: --plot-style google
