HOST=gpu10  DATE=2026-06-29T22:43:01+02:00
JOB=dcm_n6400_r2  n_train=6400  n_valid=240  seed=2042  epochs=1000
=== [1/3] PhysNet training ===
[CudaDevice(id=0)]
gpu
[CudaDevice(id=0)]
Namespace(config=None, data='./out/splits/dcm/energies_forces_dipoles_train.npz', valid_data=None, ckpt_dir='./ckpts/learning_curve/e1000/dcm/n6400/r2', tag='dcm1_n6400_r2', model=None, n_train=6400, n_valid=240, seed=2042, batch_size=25, num_epochs=1000, learning_rate=0.001, energy_weight=1000.0, forces_weight=100.0, dipole_weight=1.0, charges_weight=1.0, objective='valid_loss', restart=None, num_atoms=None, features=32, max_degree=2, num_basis_functions=32, num_iterations=3, n_res=3, cutoff=4.0, max_atomic_number=35, zbl=True, use_pbc=False, use_energy_bias=True, optimizer='amsgrad', transform=None, schedule_fn=None, early_stop_patience=None, best=False, save_every_epoch=True, profile_epoch_timing=False, print_freq=1, batch_method='default', batch_args_dict=None, data_keys=None, conversion=None, init_params=None, physnet_checkpoint=None, physnet_transfer_model=None, list_physnet_transfer_models=False, physnet_transfer_category=None, match_checkpoint_architecture=True, distill=False, distill_alpha=1.0, distill_targets=None, teacher_checkpoint=None, metrics_plot=None, log_loss=False, rot_augment=False, rot_perturbation=1.0, charges=True, total_charge=0.0, include_electrostatics=False, efa=False, debug=False, save_config=None, quiet=False)
Checkpoint directory (absolute): /mmhome/boittier/home/mmml_tutorial/acodcm/ckpts/learning_curve/e1000/dcm/n6400/r2
Auto-detected num_atoms = 10
dataR (33560, 10, 3)
dataE [-43.45069637 -43.44837717 -43.49810193 -43.43578565 -43.64451108
 -43.51424383 -43.25661255 -43.34768087 -21.72998254 -43.37375689]
dataE [-43.45069637 -43.44837717 -43.49810193 -43.43578565 -43.64451108
 -43.51424383 -43.25661255 -43.34768087 -21.72998254 -43.37375689]
D (33560, 3)
Saving model to args.model.json
{'features': 32, 'max_degree': 2, 'num_iterations': 3, 'num_basis_functions': 32, 'cutoff': 4.0, 'max_atomic_number': 35, 'charges': True, 'natoms': 10, 'max_padded_atoms': 10, 'total_charge': 0.0, 'n_res': 3, 'n_refinement_blocks': 3, 'zbl': True, 'debug': False, 'efa': False, 'use_energy_bias': True, 'use_pbc': False, 'include_electrostatics': False}
                             Train Data                              
┏━━━━━┳━━━━━━━━━━━━━━━━━━━━━━━━━━━━━━━━━━━━━━━━━━━━━━━━━━━━━━━━━━━━━┓
┃ Key ┃ Shape + Stats                                               ┃
┡━━━━━╇━━━━━━━━━━━━━━━━━━━━━━━━━━━━━━━━━━━━━━━━━━━━━━━━━━━━━━━━━━━━━┩
│ R   │ shape=(6400, 10, 3) x∈[-17.94, 17.67] μ=-0.658 σ=6.846      │
│ Z   │ shape=(6400, 10) x∈[0, 17]                                  │
│ F   │ shape=(6400, 10, 3) x∈[-3.959, 3.117] μ=-5.276e-10 σ=0.7532 │
│ E   │ shape=(6400, 1) x∈[-43.72, -21.48] μ=-41.42 σ=6.252         │
│ N   │ shape=(6400, 1) x∈[5, 10]                                   │
│ Q   │ shape=(6400, 1) x∈[0, 0] μ=0 σ=0                            │
│ D   │ shape=(6400, 3) x∈[-0.2899, 0.2901] μ=-0.002152 σ=0.1124    │
└─────┴─────────────────────────────────────────────────────────────┘
                        Validation Data                         
┏━━━━━┳━━━━━━━━━━━━━━━━━━━━━━━━━━━━━━━━━━━━━━━━━━━━━━━━━━━━━━━━┓
┃ Key ┃ Shape + Stats                                          ┃
┡━━━━━╇━━━━━━━━━━━━━━━━━━━━━━━━━━━━━━━━━━━━━━━━━━━━━━━━━━━━━━━━┩
│ R   │ shape=(240, 10, 3) x∈[-17.94, 17.5] μ=-0.6557 σ=6.774  │
│ Z   │ shape=(240, 10) x∈[0, 17]                              │
│ F   │ shape=(240, 10, 3) x∈[-3.926, 3.044] μ=3e-09 σ=0.7618  │
│ E   │ shape=(240, 1) x∈[-43.64, -21.54] μ=-41.68 σ=5.862     │
│ N   │ shape=(240, 1) x∈[5, 10]                               │
│ Q   │ shape=(240, 1) x∈[0, 0] μ=0 σ=0                        │
│ D   │ shape=(240, 3) x∈[-0.2785, 0.267] μ=-0.009067 σ=0.1108 │
└─────┴────────────────────────────────────────────────────────┘
Using default (fat) batching method
Training Routine
                       .,,uod8B8bou,,.
              ..,uod8BBBBBBBBBBBBBBBBRPFT?l!i:.
         ,=m8BBBBBBBBBBBBBBBRPFT?!||||||||||||||
         !...:!TVBBBRPFT||||||||||!!^^""'   ||||
         !.......:!?|||||!!^^""'            ||||
         !.........||||                     ||||
         !.........||||  ##                 ||||
         !.........||||      PhysNet        ||||
         !.........||||      JAX            ||||
         !.........||||                     ||||
         !.........||||                     ||||
         `.........||||                    ,||||
          .;.......||||               _.-!!|||||
   .,uodWBBBBb.....||||       _.-!!|||||||||!:'
!YBBBBBBBBBBBBBBb..!|||:..-!!|||||||!iof68BBBBBb....
!..YBBBBBBBBBBBBBBb!!||||||||!iof68BBBBBBRPFT?!::   `.
!....YBBBBBBBBBBBBBBbaaitf68BBBBBBRPFT?!:::::::::     `.
!......YBBBBBBBBBBBBBBBBBBBRPFT?!::::::;:!^"`;:::       `.
!........YBBBBBBBBBBRPFT?!::::::::::^''...::::::;         iBBbo.
`..........YBRPFT?!::::::::::::::::::::::::;iof68bo.      WBBBBbo.
  `..........:::::::::::::::::::::::;iof688888888888b.     `YBBBP^'
    `........::::::::::::::::;iof688888888888888888888b.     `
      `......:::::::::;iof688888888888888888888888888888b.
        `....:::;iof688888888888888888888888888888888899fT!
          `..::!8888888888888888888888888888888899fT|!^"'
            `' !!988888888888888888888888899fT|!^"'
                `!!8888888888888888899fT|!^"'
                  `!988888888899fT|!^"'
                    `!9899fT|!^"'
                      `!^"'
DATA_PATH: /mmhome/boittier/home/mmml/mmml/models/physnetjax/data
LOGS_PATH: /mmhome/boittier/home/mmml/mmml/models/physnetjax/logs
ANALYSIS_PATH: /mmhome/boittier/home/mmml/mmml/models/physnetjax/analysis
MAIN_PATH: /mmhome/boittier/home/mmml/mmml/models/physnetjax
PYCHARMM_DIR: None
Start Time:  20:43:05
                              Optimizer Arguments                               
┏━━━━━━━┳━━━━━━━┳━━━━━━━┳━━━━━━━┳━━━━━━━━┳━━━━━━━┳━━━━━━━━┳━━━━━┳━━━━━━┳━━━━━━━┓
┃ opti… ┃ opti… ┃ sche… ┃ sche… ┃ trans… ┃ redu… ┃ clip_… ┃ b1  ┃ b2   ┃ eps   ┃
┡━━━━━━━╇━━━━━━━╇━━━━━━━╇━━━━━━━╇━━━━━━━━╇━━━━━━━╇━━━━━━━━╇━━━━━╇━━━━━━╇━━━━━━━┩
│ amsg… │ Grad… │ None  │ <fun… │ None   │ Grad… │ 10.0   │ 0.9 │ 0.99 │ 0.001 │
│       │ chai… │       │ cons… │        │ redu… │        │     │      │       │
│       │ at    │       │ at    │        │ at    │        │     │      │       │
│       │ 0x14… │       │ 0x14… │        │ 0x14… │        │     │      │       │
│       │ upda… │       │       │        │ upda… │        │     │      │       │
│       │ chai… │       │       │        │ redu… │        │     │      │       │
│       │ at    │       │       │        │ at    │        │     │      │       │
│       │ 0x14… │       │       │        │ 0x14… │        │     │      │       │
└───────┴───────┴───────┴───────┴────────┴───────┴────────┴─────┴──────┴───────┘
                              Training Parameters                               
┏━━━━━━━━┳━━━━━━━━┳━━━━━━━━┳━━━━━━━━┳━━━━━━━━┳━━━━━━━┳━━━━━━━━┳━━━━━━━┳━━━━━━━━┓
┃ energ… ┃ force… ┃ dipol… ┃ charg… ┃ batch… ┃ num_… ┃ rot_a… ┃ rot_… ┃ train… ┃
┡━━━━━━━━╇━━━━━━━━╇━━━━━━━━╇━━━━━━━━╇━━━━━━━━╇━━━━━━━╇━━━━━━━━╇━━━━━━━╇━━━━━━━━┩
│ 1000.0 │ 100.0  │ 1.0    │ 1.0    │ 25     │ 10    │ False  │ 1.0   │ {'ene… │
│        │        │        │        │        │       │        │       │ 'eV',  │
│        │        │        │        │        │       │        │       │ 'forc… │
│        │        │        │        │        │       │        │       │ 'eV/A… │
│        │        │        │        │        │       │        │       │ 'coor… │
│        │        │        │        │        │       │        │       │ 'Angs… │
└────────┴────────┴────────┴────────┴────────┴───────┴────────┴───────┴────────┘
                                 Training Style                                 
┏━━━━━━━━━┳━━━━━━━┳━━━━━━━━━┳━━━━━━━━━┳━━━━━━━━━┳━━━━━━━━━┳━━━━━━━━━━┳━━━━━━━━━┓
┃ restart ┃ best  ┃ save_e… ┃ data_k… ┃ object… ┃ distill ┃ distill… ┃ distil… ┃
┡━━━━━━━━━╇━━━━━━━╇━━━━━━━━━╇━━━━━━━━━╇━━━━━━━━━╇━━━━━━━━━╇━━━━━━━━━━╇━━━━━━━━━┩
│ None    │ False │ True    │ ('R',   │ valid_… │ False   │ 1.0      │ None    │
│         │       │         │ 'Z',    │         │         │          │         │
│         │       │         │ 'F',    │         │         │          │         │
│         │       │         │ 'N',    │         │         │          │         │
│         │       │         │ 'E',    │         │         │          │         │
│         │       │         │ 'D',    │         │         │          │         │
│         │       │         │ 'batch… │         │         │          │         │
└─────────┴───────┴─────────┴─────────┴─────────┴─────────┴──────────┴─────────┘
                            Validation Batch[0]                            
┏━━━━━━━━━━━━━━━━┳━━━━━━━━━━━━━━━━━━━━━━━━━━━━━━━━━━━━━━━━━━━━━━━━━━━━━━━━┓
┃ Key            ┃ Shape + Stats                                          ┃
┡━━━━━━━━━━━━━━━━╇━━━━━━━━━━━━━━━━━━━━━━━━━━━━━━━━━━━━━━━━━━━━━━━━━━━━━━━━┩
│ R              │ shape=(250, 3) x∈[-17.94, 16.7] μ=0.2058 σ=7.142       │
│ Z              │ shape=(250,) x∈[1, 17]                                 │
│ F              │ shape=(250, 3) x∈[-3.895, 3.025] μ=-6.358e-10 σ=0.8305 │
│ N              │ shape=(25,) x∈[10, 10]                                 │
│ E              │ shape=(25, 1) x∈[-43.63, -43.16] μ=-43.38 σ=0.1161     │
│ D              │ shape=(25, 3) x∈[-0.2566, 0.2203] μ=-0.008368 σ=0.1137 │
│ dst_idx        │ shape=(2250,) x∈[0, 249]                               │
│ src_idx        │ shape=(2250,) x∈[0, 249]                               │
│ batch_mask     │ shape=(2250,) x∈[1, 1]                                 │
│ batch_segments │ shape=(250,) x∈[0, 24]                                 │
│ atom_mask      │ shape=(250,) x∈[1, 1]                                  │
└────────────────┴────────────────────────────────────────────────────────┘
                                Model Attributes                                
┏━━━┳━━━┳━━━┳━━━┳━━━━┳━━━┳━━━━┳━━━┳━━━━┳━━━┳━━━━┳━━━┳━━━━┳━━━┳━━━━┳━━━┳━━━━┳━━━┓
┃ … ┃ … ┃ … ┃ … ┃ c… ┃ … ┃ c… ┃ … ┃ m… ┃ … ┃ n… ┃ … ┃ z… ┃ … ┃ e… ┃ … ┃ u… ┃ … ┃
┡━━━╇━━━╇━━━╇━━━╇━━━━╇━━━╇━━━━╇━━━╇━━━━╇━━━╇━━━━╇━━━╇━━━━╇━━━╇━━━━╇━━━╇━━━━╇━━━┩
│ … │ 2 │ 3 │ … │ 4… │ … │ T… │ … │ 10 │ … │ 3  │ 3 │ T… │ … │ F… │ … │ F… │ … │
└───┴───┴───┴───┴────┴───┴────┴───┴────┴───┴────┴───┴────┴───┴────┴───┴────┴───┘
                          PhysNetJax Training Progress                          
┏┳━━┳━━━━┳━━━━━┳━━━━━┳━━━━━━┳━━━━━━━┳━━━━━━━━┳━━━━━━━┳━━━━━━━━┳━━━━━━━┳━━━━━━━━┓
┃┃  ┃ Ef ┃ Tra ┃ Val ┃      ┃       ┃        ┃       ┃        ┃ Train ┃        ┃
┃┃  ┃ f. ┃ in  ┃ id  ┃      ┃ Train ┃ Valid  ┃ Train ┃ Valid  ┃ Dipol ┃ Valid  ┃
┃┃  ┃    ┃ Los ┃ Los ┃ Best ┃ Energ ┃ Energy ┃ Force ┃ Forces ┃ es    ┃ Dipole ┃
┃┃  ┃ LR ┃ s   ┃ s   ┃ Loss ┃ y MAE ┃ MAE    ┃ s MAE ┃ MAE    ┃ MAE   ┃ s MAE  ┃
┡╇━━╇━━━━╇━━━━━╇━━━━━╇━━━━━━╇━━━━━━━╇━━━━━━━━╇━━━━━━━╇━━━━━━━━╇━━━━━━━╇━━━━━━━━┩
││  │ 5. │ 0.1 │ 0.0 │ 0.04 │ 0.035 │ 0.0118 │ 5.699 │ 4.845e │ 0.023 │ 0.0216 │
││  │ 90 │ 159 │ 465 │ 62   │ 5     │        │ e-03  │ -03    │ 1     │        │
││  │ 5e │     │     │      │       │        │       │        │       │        │
││  │ -0 │     │     │      │       │        │       │        │       │        │
││  │ 4  │     │     │      │       │        │       │        │       │        │
││  │ 5. │ 0.1 │ 0.0 │ 0.04 │ 0.036 │ 0.0116 │ 5.492 │ 4.804e │ 0.023 │ 0.0216 │
││  │ 90 │ 183 │ 464 │ 62   │ 5     │        │ e-03  │ -03    │ 1     │        │
││  │ 5e │     │     │      │       │        │       │        │       │        │
││  │ -0 │     │     │      │       │        │       │        │       │        │
││  │ 4  │     │     │      │       │        │       │        │       │        │
││  │ 5. │ 0.1 │ 0.0 │ 0.04 │ 0.038 │ 0.0109 │ 5.498 │ 4.877e │ 0.023 │ 0.0216 │
││  │ 90 │ 258 │ 465 │ 62   │ 3     │        │ e-03  │ -03    │ 2     │        │
││  │ 5e │     │     │      │       │        │       │        │       │        │
││  │ -0 │     │     │      │       │        │       │        │       │        │
││  │ 4  │     │     │      │       │        │       │        │       │        │
││  │ 5. │ 0.1 │ 0.0 │ 0.04 │ 0.037 │ 0.0100 │ 5.462 │ 4.826e │ 0.023 │ 0.0216 │
││  │ 90 │ 223 │ 468 │ 62   │ 2     │        │ e-03  │ -03    │ 2     │        │
││  │ 5e │     │     │      │       │        │       │        │       │        │
││  │ -0 │     │     │      │       │        │       │        │       │        │
││  │ 4  │     │     │      │       │        │       │        │       │        │
││  │ 5. │ 0.1 │ 0.0 │ 0.04 │ 0.037 │ 9.858e │ 5.552 │ 4.848e │ 0.023 │ 0.0216 │
││  │ 90 │ 226 │ 472 │ 62   │ 2     │ -03    │ e-03  │ -03    │ 1     │        │
││  │ 5e │     │     │      │       │        │       │        │       │        │
││  │ -0 │     │     │      │       │        │       │        │       │        │
││  │ 4  │     │     │      │       │        │       │        │       │        │
││  │ 5. │ 0.1 │ 0.0 │ 0.04 │ 0.037 │ 0.0102 │ 5.610 │ 4.866e │ 0.023 │ 0.0216 │
││  │ 90 │ 222 │ 475 │ 62   │ 1     │        │ e-03  │ -03    │ 1     │        │
││  │ 5e │     │     │      │       │        │       │        │       │        │
││  │ -0 │     │     │      │       │        │       │        │       │        │
││  │ 4  │     │     │      │       │        │       │        │       │        │
││  │ 5. │ 0.1 │ 0.0 │ 0.04 │ 0.035 │ 0.0118 │ 5.603 │ 4.852e │ 0.023 │ 0.0216 │
││  │ 90 │ 149 │ 478 │ 62   │ 5     │        │ e-03  │ -03    │ 1     │        │
││  │ 5e │     │     │      │       │        │       │        │       │        │
││  │ -0 │     │     │      │       │        │       │        │       │        │
││  │ 4  │     │     │      │       │        │       │        │       │        │
││  │ 5. │ 0.1 │ 0.0 │ 0.04 │ 0.035 │ 0.0117 │ 5.572 │ 4.860e │ 0.023 │ 0.0216 │
││  │ 90 │ 165 │ 482 │ 62   │ 9     │        │ e-03  │ -03    │ 1     │        │
││  │ 5e │     │     │      │       │        │       │        │       │        │
││  │ -0 │     │     │      │       │        │       │        │       │        │
││  │ 4  │     │     │      │       │        │       │        │       │        │
││  │ 5. │ 0.1 │ 0.0 │ 0.04 │ 0.034 │ 0.0103 │ 5.726 │ 4.908e │ 0.023 │ 0.0216 │
││  │ 90 │ 135 │ 477 │ 62   │ 9     │        │ e-03  │ -03    │ 2     │        │
││  │ 5e │     │     │      │       │        │       │        │       │        │
││  │ -0 │     │     │      │       │        │       │        │       │        │
││  │ 4  │     │     │      │       │        │       │        │       │        │
││  │ 5. │ 0.1 │ 0.0 │ 0.04 │ 0.033 │ 0.0110 │ 5.711 │ 4.902e │ 0.023 │ 0.0216 │
││  │ 90 │ 081 │ 464 │ 62   │ 6     │        │ e-03  │ -03    │ 1     │        │
││  │ 5e │     │     │      │       │        │       │        │       │        │
││  │ -0 │     │     │      │       │        │       │        │       │        │
││  │ 4  │     │     │      │       │        │       │        │       │        │
└┴──┴────┴─────┴─────┴──────┴───────┴────────┴───────┴────────┴───────┴────────┘
                                Last Checkpoint                                 
┏━━━━━━━━━━━━━━━━━━━━━━━━━━━━━━━━━━━━━━━━━━━━━━━━━━━━━━━━━━━━━━━━━━━━━━━━━━━━━┳┓
┃ Checkpoint                                                                  ┃┃
┡━━━━━━━━━━━━━━━━━━━━━━━━━━━━━━━━━━━━━━━━━━━━━━━━━━━━━━━━━━━━━━━━━━━━━━━━━━━━━╇┩
│ /mmhome/boittier/home/mmml_tutorial/acodcm/ckpts/learning_curve/e1000/dcm/… ││
└─────────────────────────────────────────────────────────────────────────────┴┘
Saving portable checkpoint to /mmhome/boittier/home/mmml_tutorial/acodcm/ckpts/learning_curve/e1000/dcm/n6400/r2/params_dcm1_n6400_r2_2026-06-29_23-04-26.json
Run directory: /mmhome/boittier/home/mmml_tutorial/acodcm/ckpts/learning_curve/e1000/dcm/n6400/r2/dcm1_n6400_r2-ffcec1a2-1c11-48a7-a311-0b5ba5b7af71
=== [2/3] Learning curves from checkpoints ===
usage: mmml extract-checkpoint-metrics [-h] -o OUTPUT [--log-loss] [--quiet]
                                       [--stride STRIDE]
                                       [--max-epochs MAX_EPOCHS]
                                       [--metrics-json METRICS_JSON]
                                       [--ef-only]
                                       checkpoint_dir
mmml extract-checkpoint-metrics: error: unrecognized arguments: --plot-style google
