HOST=gpu08  DATE=2026-06-29T22:36:52+02:00
JOB=dcm_n6400_r1  n_train=6400  n_valid=240  seed=1042  epochs=1000
=== [1/3] PhysNet training ===
[CudaDevice(id=0)]
gpu
[CudaDevice(id=0)]
Namespace(config=None, data='./out/splits/dcm/energies_forces_dipoles_train.npz', valid_data=None, ckpt_dir='./ckpts/learning_curve/e1000/dcm/n6400/r1', tag='dcm1_n6400_r1', model=None, n_train=6400, n_valid=240, seed=1042, batch_size=25, num_epochs=1000, learning_rate=0.001, energy_weight=1000.0, forces_weight=100.0, dipole_weight=1.0, charges_weight=1.0, objective='valid_loss', restart=None, num_atoms=None, features=32, max_degree=2, num_basis_functions=32, num_iterations=3, n_res=3, cutoff=4.0, max_atomic_number=35, zbl=True, use_pbc=False, use_energy_bias=True, optimizer='amsgrad', transform=None, schedule_fn=None, early_stop_patience=None, best=False, save_every_epoch=True, profile_epoch_timing=False, print_freq=1, batch_method='default', batch_args_dict=None, data_keys=None, conversion=None, init_params=None, physnet_checkpoint=None, physnet_transfer_model=None, list_physnet_transfer_models=False, physnet_transfer_category=None, match_checkpoint_architecture=True, distill=False, distill_alpha=1.0, distill_targets=None, teacher_checkpoint=None, metrics_plot=None, log_loss=False, rot_augment=False, rot_perturbation=1.0, charges=True, total_charge=0.0, include_electrostatics=False, efa=False, debug=False, save_config=None, quiet=False)
Checkpoint directory (absolute): /mmhome/boittier/home/mmml_tutorial/acodcm/ckpts/learning_curve/e1000/dcm/n6400/r1
Auto-detected num_atoms = 10
dataR (33560, 10, 3)
dataE [-43.45069637 -43.44837717 -43.49810193 -43.43578565 -43.64451108
 -43.51424383 -43.25661255 -43.34768087 -21.72998254 -43.37375689]
dataE [-43.45069637 -43.44837717 -43.49810193 -43.43578565 -43.64451108
 -43.51424383 -43.25661255 -43.34768087 -21.72998254 -43.37375689]
D (33560, 3)
Saving model to args.model.json
{'features': 32, 'max_degree': 2, 'num_iterations': 3, 'num_basis_functions': 32, 'cutoff': 4.0, 'max_atomic_number': 35, 'charges': True, 'natoms': 10, 'max_padded_atoms': 10, 'total_charge': 0.0, 'n_res': 3, 'n_refinement_blocks': 3, 'zbl': True, 'debug': False, 'efa': False, 'use_energy_bias': True, 'use_pbc': False, 'include_electrostatics': False}
                             Train Data                              
┏━━━━━┳━━━━━━━━━━━━━━━━━━━━━━━━━━━━━━━━━━━━━━━━━━━━━━━━━━━━━━━━━━━━━┓
┃ Key ┃ Shape + Stats                                               ┃
┡━━━━━╇━━━━━━━━━━━━━━━━━━━━━━━━━━━━━━━━━━━━━━━━━━━━━━━━━━━━━━━━━━━━━┩
│ R   │ shape=(6400, 10, 3) x∈[-17.94, 17.67] μ=-0.6805 σ=6.879     │
│ Z   │ shape=(6400, 10) x∈[0, 17]                                  │
│ F   │ shape=(6400, 10, 3) x∈[-3.959, 3.117] μ=-3.696e-10 σ=0.7505 │
│ E   │ shape=(6400, 1) x∈[-43.72, -21.48] μ=-41.31 σ=6.417         │
│ N   │ shape=(6400, 1) x∈[5, 10]                                   │
│ Q   │ shape=(6400, 1) x∈[0, 0] μ=0 σ=0                            │
│ D   │ shape=(6400, 3) x∈[-0.2899, 0.3026] μ=-0.002507 σ=0.1121    │
└─────┴─────────────────────────────────────────────────────────────┘
                          Validation Data                           
┏━━━━━┳━━━━━━━━━━━━━━━━━━━━━━━━━━━━━━━━━━━━━━━━━━━━━━━━━━━━━━━━━━━━┓
┃ Key ┃ Shape + Stats                                              ┃
┡━━━━━╇━━━━━━━━━━━━━━━━━━━━━━━━━━━━━━━━━━━━━━━━━━━━━━━━━━━━━━━━━━━━┩
│ R   │ shape=(240, 10, 3) x∈[-17.94, 17.67] μ=-0.9481 σ=6.696     │
│ Z   │ shape=(240, 10) x∈[0, 17]                                  │
│ F   │ shape=(240, 10, 3) x∈[-3.921, 3.029] μ=-9.285e-10 σ=0.7408 │
│ E   │ shape=(240, 1) x∈[-43.64, -21.54] μ=-40.96 σ=6.86          │
│ N   │ shape=(240, 1) x∈[5, 10]                                   │
│ Q   │ shape=(240, 1) x∈[0, 0] μ=0 σ=0                            │
│ D   │ shape=(240, 3) x∈[-0.2849, 0.2663] μ=-0.003977 σ=0.1124    │
└─────┴────────────────────────────────────────────────────────────┘
Using default (fat) batching method
Training Routine
                       .,,uod8B8bou,,.
              ..,uod8BBBBBBBBBBBBBBBBRPFT?l!i:.
         ,=m8BBBBBBBBBBBBBBBRPFT?!||||||||||||||
         !...:!TVBBBRPFT||||||||||!!^^""'   ||||
         !.......:!?|||||!!^^""'            ||||
         !.........||||                     ||||
         !.........||||  ##                 ||||
         !.........||||      PhysNet        ||||
         !.........||||      JAX            ||||
         !.........||||                     ||||
         !.........||||                     ||||
         `.........||||                    ,||||
          .;.......||||               _.-!!|||||
   .,uodWBBBBb.....||||       _.-!!|||||||||!:'
!YBBBBBBBBBBBBBBb..!|||:..-!!|||||||!iof68BBBBBb....
!..YBBBBBBBBBBBBBBb!!||||||||!iof68BBBBBBRPFT?!::   `.
!....YBBBBBBBBBBBBBBbaaitf68BBBBBBRPFT?!:::::::::     `.
!......YBBBBBBBBBBBBBBBBBBBRPFT?!::::::;:!^"`;:::       `.
!........YBBBBBBBBBBRPFT?!::::::::::^''...::::::;         iBBbo.
`..........YBRPFT?!::::::::::::::::::::::::;iof68bo.      WBBBBbo.
  `..........:::::::::::::::::::::::;iof688888888888b.     `YBBBP^'
    `........::::::::::::::::;iof688888888888888888888b.     `
      `......:::::::::;iof688888888888888888888888888888b.
        `....:::;iof688888888888888888888888888888888899fT!
          `..::!8888888888888888888888888888888899fT|!^"'
            `' !!988888888888888888888888899fT|!^"'
                `!!8888888888888888899fT|!^"'
                  `!988888888899fT|!^"'
                    `!9899fT|!^"'
                      `!^"'
DATA_PATH: /mmhome/boittier/home/mmml/mmml/models/physnetjax/data
LOGS_PATH: /mmhome/boittier/home/mmml/mmml/models/physnetjax/logs
ANALYSIS_PATH: /mmhome/boittier/home/mmml/mmml/models/physnetjax/analysis
MAIN_PATH: /mmhome/boittier/home/mmml/mmml/models/physnetjax
PYCHARMM_DIR: None
Start Time:  20:36:55
                              Optimizer Arguments                               
┏━━━━━━━┳━━━━━━━┳━━━━━━━┳━━━━━━━┳━━━━━━━━┳━━━━━━━┳━━━━━━━━┳━━━━━┳━━━━━━┳━━━━━━━┓
┃ opti… ┃ opti… ┃ sche… ┃ sche… ┃ trans… ┃ redu… ┃ clip_… ┃ b1  ┃ b2   ┃ eps   ┃
┡━━━━━━━╇━━━━━━━╇━━━━━━━╇━━━━━━━╇━━━━━━━━╇━━━━━━━╇━━━━━━━━╇━━━━━╇━━━━━━╇━━━━━━━┩
│ amsg… │ Grad… │ None  │ <fun… │ None   │ Grad… │ 10.0   │ 0.9 │ 0.99 │ 0.001 │
│       │ chai… │       │ cons… │        │ redu… │        │     │      │       │
│       │ at    │       │ at    │        │ at    │        │     │      │       │
│       │ 0x14… │       │ 0x14… │        │ 0x14… │        │     │      │       │
│       │ upda… │       │       │        │ upda… │        │     │      │       │
│       │ chai… │       │       │        │ redu… │        │     │      │       │
│       │ at    │       │       │        │ at    │        │     │      │       │
│       │ 0x14… │       │       │        │ 0x14… │        │     │      │       │
└───────┴───────┴───────┴───────┴────────┴───────┴────────┴─────┴──────┴───────┘
                              Training Parameters                               
┏━━━━━━━━┳━━━━━━━━┳━━━━━━━━┳━━━━━━━━┳━━━━━━━━┳━━━━━━━┳━━━━━━━━┳━━━━━━━┳━━━━━━━━┓
┃ energ… ┃ force… ┃ dipol… ┃ charg… ┃ batch… ┃ num_… ┃ rot_a… ┃ rot_… ┃ train… ┃
┡━━━━━━━━╇━━━━━━━━╇━━━━━━━━╇━━━━━━━━╇━━━━━━━━╇━━━━━━━╇━━━━━━━━╇━━━━━━━╇━━━━━━━━┩
│ 1000.0 │ 100.0  │ 1.0    │ 1.0    │ 25     │ 10    │ False  │ 1.0   │ {'ene… │
│        │        │        │        │        │       │        │       │ 'eV',  │
│        │        │        │        │        │       │        │       │ 'forc… │
│        │        │        │        │        │       │        │       │ 'eV/A… │
│        │        │        │        │        │       │        │       │ 'coor… │
│        │        │        │        │        │       │        │       │ 'Angs… │
└────────┴────────┴────────┴────────┴────────┴───────┴────────┴───────┴────────┘
                                 Training Style                                 
┏━━━━━━━━━┳━━━━━━━┳━━━━━━━━━┳━━━━━━━━━┳━━━━━━━━━┳━━━━━━━━━┳━━━━━━━━━━┳━━━━━━━━━┓
┃ restart ┃ best  ┃ save_e… ┃ data_k… ┃ object… ┃ distill ┃ distill… ┃ distil… ┃
┡━━━━━━━━━╇━━━━━━━╇━━━━━━━━━╇━━━━━━━━━╇━━━━━━━━━╇━━━━━━━━━╇━━━━━━━━━━╇━━━━━━━━━┩
│ None    │ False │ True    │ ('R',   │ valid_… │ False   │ 1.0      │ None    │
│         │       │         │ 'Z',    │         │         │          │         │
│         │       │         │ 'F',    │         │         │          │         │
│         │       │         │ 'N',    │         │         │          │         │
│         │       │         │ 'E',    │         │         │          │         │
│         │       │         │ 'D',    │         │         │          │         │
│         │       │         │ 'batch… │         │         │          │         │
└─────────┴───────┴─────────┴─────────┴─────────┴─────────┴──────────┴─────────┘
                           Validation Batch[0]                            
┏━━━━━━━━━━━━━━━━┳━━━━━━━━━━━━━━━━━━━━━━━━━━━━━━━━━━━━━━━━━━━━━━━━━━━━━━━┓
┃ Key            ┃ Shape + Stats                                         ┃
┡━━━━━━━━━━━━━━━━╇━━━━━━━━━━━━━━━━━━━━━━━━━━━━━━━━━━━━━━━━━━━━━━━━━━━━━━━┩
│ R              │ shape=(250, 3) x∈[-15.76, 17.5] μ=-0.3788 σ=6.554     │
│ Z              │ shape=(250,) x∈[0, 17]                                │
│ F              │ shape=(250, 3) x∈[-2.471, 2.341] μ=5.484e-09 σ=0.7364 │
│ N              │ shape=(25,) x∈[5, 10]                                 │
│ E              │ shape=(25, 1) x∈[-43.63, -21.76] μ=-40.81 σ=7.021     │
│ D              │ shape=(25, 3) x∈[-0.2678, 0.236] μ=-0.01065 σ=0.1119  │
│ dst_idx        │ shape=(2250,) x∈[0, 249]                              │
│ src_idx        │ shape=(2250,) x∈[0, 249]                              │
│ batch_mask     │ shape=(2250,) x∈[0, 1]                                │
│ batch_segments │ shape=(250,) x∈[0, 24]                                │
│ atom_mask      │ shape=(250,) x∈[0, 1]                                 │
└────────────────┴───────────────────────────────────────────────────────┘
                                Model Attributes                                
┏━━━┳━━━┳━━━┳━━━┳━━━━┳━━━┳━━━━┳━━━┳━━━━┳━━━┳━━━━┳━━━┳━━━━┳━━━┳━━━━┳━━━┳━━━━┳━━━┓
┃ … ┃ … ┃ … ┃ … ┃ c… ┃ … ┃ c… ┃ … ┃ m… ┃ … ┃ n… ┃ … ┃ z… ┃ … ┃ e… ┃ … ┃ u… ┃ … ┃
┡━━━╇━━━╇━━━╇━━━╇━━━━╇━━━╇━━━━╇━━━╇━━━━╇━━━╇━━━━╇━━━╇━━━━╇━━━╇━━━━╇━━━╇━━━━╇━━━┩
│ … │ 2 │ 3 │ … │ 4… │ … │ T… │ … │ 10 │ … │ 3  │ 3 │ T… │ … │ F… │ … │ F… │ … │
└───┴───┴───┴───┴────┴───┴────┴───┴────┴───┴────┴───┴────┴───┴────┴───┴────┴───┘
                          PhysNetJax Training Progress                          
┏┳━━┳━━━━┳━━━━━┳━━━━━┳━━━━━━┳━━━━━━━┳━━━━━━━━┳━━━━━━━┳━━━━━━━━┳━━━━━━━┳━━━━━━━━┓
┃┃  ┃ Ef ┃ Tra ┃ Val ┃      ┃       ┃        ┃       ┃        ┃ Train ┃        ┃
┃┃  ┃ f. ┃ in  ┃ id  ┃      ┃ Train ┃ Valid  ┃ Train ┃ Valid  ┃ Dipol ┃ Valid  ┃
┃┃  ┃    ┃ Los ┃ Los ┃ Best ┃ Energ ┃ Energy ┃ Force ┃ Forces ┃ es    ┃ Dipole ┃
┃┃  ┃ LR ┃ s   ┃ s   ┃ Loss ┃ y MAE ┃ MAE    ┃ s MAE ┃ MAE    ┃ MAE   ┃ s MAE  ┃
┡╇━━╇━━━━╇━━━━━╇━━━━━╇━━━━━━╇━━━━━━━╇━━━━━━━━╇━━━━━━━╇━━━━━━━━╇━━━━━━━╇━━━━━━━━┩
││  │ 6. │ 0.1 │ 0.0 │ 0.04 │ 0.043 │ 9.165e │ 6.281 │ 5.140e │ 0.016 │ 0.0171 │
││  │ 56 │ 586 │ 494 │ 85   │ 2     │ -03    │ e-03  │ -03    │ 6     │        │
││  │ 1e │     │     │      │       │        │       │        │       │        │
││  │ -0 │     │     │      │       │        │       │        │       │        │
││  │ 4  │     │     │      │       │        │       │        │       │        │
││  │ 6. │ 0.1 │ 0.0 │ 0.04 │ 0.043 │ 8.540e │ 6.323 │ 5.108e │ 0.016 │ 0.0170 │
││  │ 56 │ 617 │ 491 │ 85   │ 8     │ -03    │ e-03  │ -03    │ 6     │        │
││  │ 1e │     │     │      │       │        │       │        │       │        │
││  │ -0 │     │     │      │       │        │       │        │       │        │
││  │ 4  │     │     │      │       │        │       │        │       │        │
││  │ 6. │ 0.1 │ 0.0 │ 0.04 │ 0.045 │ 8.536e │ 6.193 │ 5.079e │ 0.016 │ 0.0170 │
││  │ 56 │ 698 │ 497 │ 85   │ 7     │ -03    │ e-03  │ -03    │ 5     │        │
││  │ 1e │     │     │      │       │        │       │        │       │        │
││  │ -0 │     │     │      │       │        │       │        │       │        │
││  │ 4  │     │     │      │       │        │       │        │       │        │
││  │ 6. │ 0.1 │ 0.0 │ 0.04 │ 0.044 │ 8.602e │ 6.289 │ 5.072e │ 0.016 │ 0.0170 │
││  │ 56 │ 616 │ 492 │ 85   │ 0     │ -03    │ e-03  │ -03    │ 5     │        │
││  │ 1e │     │     │      │       │        │       │        │       │        │
││  │ -0 │     │     │      │       │        │       │        │       │        │
││  │ 4  │     │     │      │       │        │       │        │       │        │
││  │ 6. │ 0.1 │ 0.0 │ 0.04 │ 0.043 │ 9.034e │ 6.189 │ 5.085e │ 0.016 │ 0.0170 │
││  │ 56 │ 607 │ 485 │ 85   │ 9     │ -03    │ e-03  │ -03    │ 5     │        │
││  │ 1e │     │     │      │       │        │       │        │       │        │
││  │ -0 │     │     │      │       │        │       │        │       │        │
││  │ 4  │     │     │      │       │        │       │        │       │        │
││  │ 6. │ 0.1 │ 0.0 │ 0.04 │ 0.043 │ 9.544e │ 6.191 │ 5.125e │ 0.016 │ 0.0170 │
││  │ 56 │ 581 │ 486 │ 85   │ 5     │ -03    │ e-03  │ -03    │ 5     │        │
││  │ 1e │     │     │      │       │        │       │        │       │        │
││  │ -0 │     │     │      │       │        │       │        │       │        │
││  │ 4  │     │     │      │       │        │       │        │       │        │
││  │ 6. │ 0.1 │ 0.0 │ 0.04 │ 0.043 │ 9.471e │ 6.129 │ 5.095e │ 0.016 │ 0.0170 │
││  │ 56 │ 579 │ 484 │ 84   │ 2     │ -03    │ e-03  │ -03    │ 6     │        │
││  │ 1e │     │     │      │       │        │       │        │       │        │
││  │ -0 │     │     │      │       │        │       │        │       │        │
││  │ 4  │     │     │      │       │        │       │        │       │        │
││  │ 6. │ 0.1 │ 0.0 │ 0.04 │ 0.043 │ 0.0105 │ 6.299 │ 5.157e │ 0.016 │ 0.0170 │
││  │ 56 │ 608 │ 488 │ 84   │ 7     │        │ e-03  │ -03    │ 5     │        │
││  │ 1e │     │     │      │       │        │       │        │       │        │
││  │ -0 │     │     │      │       │        │       │        │       │        │
││  │ 4  │     │     │      │       │        │       │        │       │        │
││  │ 6. │ 0.1 │ 0.0 │ 0.04 │ 0.043 │ 9.167e │ 6.260 │ 5.098e │ 0.016 │ 0.0170 │
││  │ 56 │ 586 │ 485 │ 84   │ 3     │ -03    │ e-03  │ -03    │ 4     │        │
││  │ 1e │     │     │      │       │        │       │        │       │        │
││  │ -0 │     │     │      │       │        │       │        │       │        │
││  │ 4  │     │     │      │       │        │       │        │       │        │
││  │ 6. │ 0.1 │ 0.0 │ 0.04 │ 0.043 │ 9.130e │ 6.144 │ 5.146e │ 0.016 │ 0.0169 │
││  │ 56 │ 596 │ 497 │ 84   │ 7     │ -03    │ e-03  │ -03    │ 5     │        │
││  │ 1e │     │     │      │       │        │       │        │       │        │
││  │ -0 │     │     │      │       │        │       │        │       │        │
││  │ 4  │     │     │      │       │        │       │        │       │        │
└┴──┴────┴─────┴─────┴──────┴───────┴────────┴───────┴────────┴───────┴────────┘
                                Last Checkpoint                                 
┏━━━━━━━━━━━━━━━━━━━━━━━━━━━━━━━━━━━━━━━━━━━━━━━━━━━━━━━━━━━━━━━━━━━━━━━━━━━━━┳┓
┃ Checkpoint                                                                  ┃┃
┡━━━━━━━━━━━━━━━━━━━━━━━━━━━━━━━━━━━━━━━━━━━━━━━━━━━━━━━━━━━━━━━━━━━━━━━━━━━━━╇┩
│ /mmhome/boittier/home/mmml_tutorial/acodcm/ckpts/learning_curve/e1000/dcm/… ││
└─────────────────────────────────────────────────────────────────────────────┴┘
Saving portable checkpoint to /mmhome/boittier/home/mmml_tutorial/acodcm/ckpts/learning_curve/e1000/dcm/n6400/r1/params_dcm1_n6400_r1_2026-06-29_22-58-06.json
Run directory: /mmhome/boittier/home/mmml_tutorial/acodcm/ckpts/learning_curve/e1000/dcm/n6400/r1/dcm1_n6400_r1-220021e2-f251-4381-b618-88585370e804
=== [2/3] Learning curves from checkpoints ===
usage: mmml extract-checkpoint-metrics [-h] -o OUTPUT [--log-loss] [--quiet]
                                       [--stride STRIDE]
                                       [--max-epochs MAX_EPOCHS]
                                       [--metrics-json METRICS_JSON]
                                       [--ef-only]
                                       checkpoint_dir
mmml extract-checkpoint-metrics: error: unrecognized arguments: --plot-style google
