╭───────────────────────────────────────────────────────────────────────────────────────────────────────────────────────────────────────────────────────────────────────────────────╮
│                            MD campaign plan                                                                                                                                       │
│ ┏━━━━━━━━━━━┳━━━━━━━━━┳━━━━━━━┳━━━━━━━┳━━━━━━━┳━━━━━┳━━━━━━━┳━━━┳━━━━━┓                                                                                                           │
│ ┃ Job       ┃ Backend ┃ Stage ┃ Steps ┃ ps    ┃ dt  ┃ T     ┃ P ┃ Box ┃                                                                                                           │
│ ┡━━━━━━━━━━━╇━━━━━━━━━╇━━━━━━━╇━━━━━━━╇━━━━━━━╇━━━━━╇━━━━━━━╇━━━╇━━━━━┩                                                                                                           │
│ │ jaxmd_nvt │ jaxmd   │ nvt   │ 10000 │ 5.00  │ 0.5 │ 250.0 │ — │ —   │                                                                                                           │
│ │ jaxmd_nve │ jaxmd   │ nve   │ 20000 │ 10.00 │ 0.5 │ 250.0 │ — │ —   │                                                                                                           │
│ └───────────┴─────────┴───────┴───────┴───────┴─────┴───────┴───┴─────┘                                                                                                           │
╰───────────────────────────────────────────────────────────────────────────────────────────────────────────────────────────────────────────────────────────────────────────────────╯
mmml md-system: running jaxmd in-process: --ensemble nvt --spacing 5.0 --ps 5.0 --dt-fs 0.5 --temperature 250.0 --pressure 1.0 --traj-chunk-frames 0 --composition ACO:178 --from-psf boxes/aco178/model.psf --from-crd boxes/aco178/model.crd --checkpoint /mmhome/boittier/home/mmml_tutorial/acodcm/ckpts/hybrid/hybrid-96e58a2d-3798-4463-a318-fca1b7001dc3 --output-dir /mmhome/boittier/home/mmml_tutorial/acodcm/runs/aco178_jaxmd_nvt --seed 22 --min-intermonomer-atom-distance 0.45 --no-mc-density-equalize --mini-box-equil-ps 0.0 --density-certify-relative-tolerance 0.05 --density-prep-lattice-abnr-steps 0 --charmm-image-mlpot-min-distance 1.0 --min-com-restraint-k 1.0 --mm-switch-on 8.0 --mm-switch-width 5.0 --ml-switch-width 1.5 --no-continue-velocities --no-handoff-quality-gate --handoff-quality-fmax-eVA 1.0 --handoff-quality-action minimize --handoff-velocity-remove-drift --handoff-require-cell --jaxmd-minimize-steps 500 --jaxmd-pbc-minimize-steps 500 --jaxmd-fire-skip-max-f-eVA 0.1 --calculator-pre-minimize --jax-md-update-interval 1 --jax-md-skin-distance 0.5 --steps-per-recording 500 --charmm-pre-minimize --include-mm --pre-min-fmax 0.1 --pre-min-steps 50
╭────────────────────────────────────────────────────────────────────────────── PyCHARMM environment ───────────────────────────────────────────────────────────────────────────────╮
│ ┏━━━━━━━━━━━━━━━━━━━━━━━━━━━━━━━━━━┳━━━━━━━━━━━━━━━━━━━━━━━━━━━━━━━━━━━━━━━━━━━━━━━━━━━━━━━━━━━━━━━━━━━━━━━━━━━━━━━━━━━━━━━━━━━━━━━━━━━━━━━━━━━━━━━━━━━━━━━━━━━━━━━━━━━━━━━━━━━━┓ │
│ ┃ Field                            ┃ Value                                                                                                                                      ┃ │
│ ┡━━━━━━━━━━━━━━━━━━━━━━━━━━━━━━━━━━╇━━━━━━━━━━━━━━━━━━━━━━━━━━━━━━━━━━━━━━━━━━━━━━━━━━━━━━━━━━━━━━━━━━━━━━━━━━━━━━━━━━━━━━━━━━━━━━━━━━━━━━━━━━━━━━━━━━━━━━━━━━━━━━━━━━━━━━━━━━━━┩ │
│ │ CGENFF RTF                       │ /mmhome/boittier/home/mmml/mmml/data/charmm/top_all36_cgenff.rtf                                                                           │ │
│ │ CGENFF PRM                       │ /mmhome/boittier/home/mmml/mmml/data/charmm/par_all36_cgenff.prm                                                                           │ │
│ │ CHARMM_HOME                      │ /mmhome/boittier/home/mmml/setup/charmm                                                                                                    │ │
│ │ CHARMM_LIB_DIR                   │ /mmhome/boittier/home/mmml/setup/charmm                                                                                                    │ │
│ └──────────────────────────────────┴────────────────────────────────────────────────────────────────────────────────────────────────────────────────────────────────────────────┘ │
╰───────────────────────────────────────────────────────────────────────────────────────────────────────────────────────────────────────────────────────────────────────────────────╯
Using MMML checkpoint: /mmhome/boittier/home/mmml_tutorial/acodcm/ckpts/hybrid/hybrid-96e58a2d-3798-4463-a318-fca1b7001dc3
Certified box: L=27.976 Å, ρ=0.7840 g/cm³ from /mmhome/boittier/home/mmml_tutorial/acodcm/boxes/aco178/box.json
╭────────────────────────────────────────────────────────────────────────────── CHARMM topology (PSF) ──────────────────────────────────────────────────────────────────────────────╮
│ ┏━━━━━━━━━┳━━━━━━━━━━━━┳━━━━━━━━━━━━━━┳━━━━━━━━━━━━━━━━┳━━━━━━━━━━━━━━━━━━━━━━━━━━━━━━━━━━━━━━━━━━━━━━┳━━━━━━━━━━━━━━━━━┳━━━━━━━━━━┳━━━━━━━━━━━━━━━━━━━━━━━━━━━━━━━━━━━━━━━━━━━━┓ │
│ ┃ n_atoms ┃ n_residues ┃ total_charge ┃ mass_range_amu ┃ atom_names                                   ┃ iac_index_range ┃ residues ┃ cgenff_types                               ┃ │
│ ┡━━━━━━━━━╇━━━━━━━━━━━━╇━━━━━━━━━━━━━━╇━━━━━━━━━━━━━━━━╇━━━━━━━━━━━━━━━━━━━━━━━━━━━━━━━━━━━━━━━━━━━━━━╇━━━━━━━━━━━━━━━━━╇━━━━━━━━━━╇━━━━━━━━━━━━━━━━━━━━━━━━━━━━━━━━━━━━━━━━━━━━┩ │
│ │ 1780    │ 178        │ 0.0000 e     │ 1.008–15.999   │ C1×178, C2×178, C3×178, H21×178, H22×178,    │ 4–116           │ ACO×178  │ CG2O5×178, CG331×356, HGA3×1068, OG2D3×178 │ │
│ │         │            │              │                │ H23×178, H31×178, H32×178, …+2 names         │                 │          │                                            │ │
│ └─────────┴────────────┴──────────────┴────────────────┴──────────────────────────────────────────────┴─────────────────┴──────────┴────────────────────────────────────────────┘ │
╰───────────────────────────────────────────────────────────────────────────────────────────────────────────────────────────────────────────────────────────────────────────────────╯
Loading certified geometry from model.psf + model.crd (1780 atoms, 178 monomers); skipped Packmol/cluster build
[22:42:31] PSF charge validation: total=0.000000 e, charged_atoms=1780, ACO:-0.000000 e
PBC cell: L=27.976 Å (source=yaml)
/mmhome/boittier/home/mmml/.venv/lib/python3.13/site-packages/orbax/checkpoint/_src/serialization/jax_array_handlers.py:925: UserWarning: Sharding info not provided when restoring. Populating sharding info from sharding file. Please note restoration time will be slightly increased due to reading from file. Note also that this option is unsafe when restoring on a different topology than the checkpoint was saved with.
  warnings.warn(
CHARMM pre-minimization starting (SD=200, ABNR=1000)
CHARMM pre-minimization complete (2.057 s)
[mmml] JAX compile-time thread env=16 (OMP '1' -> 16; restored after compile context)
[setup_calculator] Generic XLA GPU warmup (full hybrid warmup runs after PyCHARMM/CGENFF init)
╭─────────────────────────────────────────────────────────────────────────────── Hybrid ML/MM setup ────────────────────────────────────────────────────────────────────────────────╮
│ ╭─────────────────────────────────────────────────────────────────────────────────── System ────────────────────────────────────────────────────────────────────────────────────╮ │
│ │ ┌──────────────────────────────────┬────────────────────────────────────────────────────────────────────────────────────────────────────────────────────────────────────────┐ │ │
│ │ │ n_monomers                       │ 178                                                                                                                                    │ │ │
│ │ │ atoms_per_monomer                │ [10, 10, 10, 10, 10, 10, …] (178 items)                                                                                                │ │ │
│ │ │ total_atoms                      │ 1780                                                                                                                                   │ │ │
│ │ │ max_atoms                        │ 20                                                                                                                                     │ │ │
│ │ │ ml_compute_dtype                 │ <class 'jax.numpy.float64'>                                                                                                            │ │ │
│ │ │ checkpoint_dir                   │ /mmhome/boittier/home/mmml_tutorial/acodcm/ckpts/hybrid/hybrid-96e58a2d-3798-4463-a318-fca1b7001dc3                                    │ │ │
│ │ └──────────────────────────────────┴────────────────────────────────────────────────────────────────────────────────────────────────────────────────────────────────────────┘ │ │
│ ╰───────────────────────────────────────────────────────────────────────────────────────────────────────────────────────────────────────────────────────────────────────────────╯ │
│ ╭────────────────────────────────────────────────────────────────────────────── Handoff & cutoffs ──────────────────────────────────────────────────────────────────────────────╮ │
│ │ ┏━━━━━━━━━━━━━━━━━━━━━━━━━━━━━━━━━┳━━━━━━━━━━━━━━━━━━━━━━━━━━━━┳━━━━━━━━━━━━━━━━━━━━━━━━━━━━━━━━━┳━━━━━━━━━━━━━━━━━━━━━━━━━━┳━━━━━━━━━━━━━━━━━━━━┳━━━━━━━━━━━━━━━━━━━━━━━━━━┓ │ │
│ │ ┃ ml_switch_width_Å               ┃ mm_switch_on_Å             ┃ mm_switch_width_Å               ┃ complementary            ┃ mm_r_min_Å         ┃ model_cutoff_Å           ┃ │ │
│ │ ┡━━━━━━━━━━━━━━━━━━━━━━━━━━━━━━━━━╇━━━━━━━━━━━━━━━━━━━━━━━━━━━━╇━━━━━━━━━━━━━━━━━━━━━━━━━━━━━━━━━╇━━━━━━━━━━━━━━━━━━━━━━━━━━╇━━━━━━━━━━━━━━━━━━━━╇━━━━━━━━━━━━━━━━━━━━━━━━━━┩ │ │
│ │ │ 1.5000                          │ 8.0000                     │ 5.0000                          │ True                     │ 5.8500             │ 8.0                      │ │ │
│ │ └─────────────────────────────────┴────────────────────────────┴─────────────────────────────────┴──────────────────────────┴────────────────────┴──────────────────────────┘ │ │
│ ╰───────────────────────────────────────────────────────────────────────────────────────────────────────────────────────────────────────────────────────────────────────────────╯ │
│ ╭─────────────────────────────────────────────────────────────────────────────── ML energy terms ───────────────────────────────────────────────────────────────────────────────╮ │
│ │ ┏━━━━━━━━━━━━━━━━━━━━━━━━━━━━━━━━━━━━━━━━━━━━━━━━━━━━━━━━━━━━┳━━━━━━━━━━━━━━━━━━━━━━━━━━━━━━━━━━━━┳━━━━━━━━━━━━━━━━━━━━━━━━━━━━━━━━━┳━━━━━━━━━━━━━━━━━━━━━━━━━━━━━━━━━━━━━━━┓ │ │
│ │ ┃ neural ML                                                  ┃ electrostatics                     ┃ ZBL repulsion                   ┃ MBD dispersion                        ┃ │ │
│ │ ┡━━━━━━━━━━━━━━━━━━━━━━━━━━━━━━━━━━━━━━━━━━━━━━━━━━━━━━━━━━━━╇━━━━━━━━━━━━━━━━━━━━━━━━━━━━━━━━━━━━╇━━━━━━━━━━━━━━━━━━━━━━━━━━━━━━━━━╇━━━━━━━━━━━━━━━━━━━━━━━━━━━━━━━━━━━━━━━┩ │ │
│ │ │ ✓ (PhysNet/Spooky atomic)                                  │ ✗ off                              │ ✗ off                           │ ✗ not configured                      │ │ │
│ │ └────────────────────────────────────────────────────────────┴────────────────────────────────────┴─────────────────────────────────┴───────────────────────────────────────┘ │ │
│ ╰───────────────────────────────────────────────────────────────────────────────────────────────────────────────────────────────────────────────────────────────────────────────╯ │
│ ╭──────────────────────────────────────────────────────────────────────────────── ZBL repulsion ────────────────────────────────────────────────────────────────────────────────╮ │
│ │ ┏━━━━━━━━━━━━━━━━━━━━━━━━━━┳━━━━━━━━━━━━━━━━━━━━━━━━━┳━━━━━━━━━━━━━━━━━━━━━━━━━━━━┳━━━━━━━━━━━━━━━━━━━━━━━━━━━━━━━┳━━━━━━━━━━━━━━━━━━━━━━━━━━━━━━━━━━━━━━━━━━━━━━━━━━━━━━━━━┓ │ │
│ │ ┃ enabled                  ┃ cuton_Å                 ┃ cutoff_Å                   ┃ trainable                     ┃ distance                                                ┃ │ │
│ │ ┡━━━━━━━━━━━━━━━━━━━━━━━━━━╇━━━━━━━━━━━━━━━━━━━━━━━━━╇━━━━━━━━━━━━━━━━━━━━━━━━━━━━╇━━━━━━━━━━━━━━━━━━━━━━━━━━━━━━━╇━━━━━━━━━━━━━━━━━━━━━━━━━━━━━━━━━━━━━━━━━━━━━━━━━━━━━━━━━┩ │ │
│ │ │ False                    │ 0.1000                  │ 0.6000                     │ False                         │ pair r (Å), not COM                                     │ │ │
│ │ └──────────────────────────┴─────────────────────────┴────────────────────────────┴───────────────────────────────┴─────────────────────────────────────────────────────────┘ │ │
│ ╰───────────────────────────────────────────────────────────────────────────────────────────────────────────────────────────────────────────────────────────────────────────────╯ │
│ ╭───────────────────────────────────────────────────────────────────────────── Long-range Coulomb ──────────────────────────────────────────────────────────────────────────────╮ │
│ │ ┏━━━━━━━━━━━━━━━━━━━━━┳━━━━━━━━━━━━━━┳━━━━━━━━━━━━━━━━┳━━━━━━━━━━━━━━━━━━━━━━━━━━━┳━━━━━━━━━━━━━━━━━━┳━━━━━━━━━━━━━━━━━━━━━━┳━━━━━━━━━━━━━━━━━━━━━━━━━━━━━━━━━━━━━━━━━━━━━━━┓ │ │
│ │ ┃ mm_nonbond_mode     ┃ lr_solver    ┃ jax_pme_pkg    ┃ nvalchemiops_pme_pkg      ┃ scafacos_lib     ┃ lr_solver_active     ┃ coulomb_mode                                  ┃ │ │
│ │ ┡━━━━━━━━━━━━━━━━━━━━━╇━━━━━━━━━━━━━━╇━━━━━━━━━━━━━━━━╇━━━━━━━━━━━━━━━━━━━━━━━━━━━╇━━━━━━━━━━━━━━━━━━╇━━━━━━━━━━━━━━━━━━━━━━╇━━━━━━━━━━━━━━━━━━━━━━━━━━━━━━━━━━━━━━━━━━━━━━━┩ │ │
│ │ │ jax_mic             │ mic          │ yes            │ no                        │ yes              │ mic                  │ truncated MIC (switched MM pair loop)         │ │ │
│ │ └─────────────────────┴──────────────┴────────────────┴───────────────────────────┴──────────────────┴──────────────────────┴───────────────────────────────────────────────┘ │ │
│ ╰───────────────────────────────────────────────────────────────────────────────────────────────────────────────────────────────────────────────────────────────────────────────╯ │
│ ╭──────────────────────────────────────────────────────────────────────── Neighbor lists & ML batching ─────────────────────────────────────────────────────────────────────────╮ │
│ │ ┏━━━━━━━━━━━━━━━━━━┳━━━━━━━━━━━━━━┳━━━━━━━━━━━━━━━━━━━┳━━━━━━━━━━━━━━━┳━━━━━━━━━━━━━━┳━━━━━━━━━━━━━━━┳━━━━━━━━━━━━━━━━━━┳━━━━━━━━━━━┳━━━━━━━━━━━━━━━━━━┳━━━━━━━━━━━━━┳━━━━━━┓ │ │
│ │ ┃ ml_sparse_dimers ┃ dimers_total ┃ max_active_dimers ┃ ml_batch_size ┃ ml_gpu_count ┃ jax_md_skin_Å ┃ jax_md_update_e… ┃ max_pairs ┃ cell_list_safety ┃ density_est ┃ PBC  ┃ │ │
│ │ ┡━━━━━━━━━━━━━━━━━━╇━━━━━━━━━━━━━━╇━━━━━━━━━━━━━━━━━━━╇━━━━━━━━━━━━━━━╇━━━━━━━━━━━━━━╇━━━━━━━━━━━━━━━╇━━━━━━━━━━━━━━━━━━╇━━━━━━━━━━━╇━━━━━━━━━━━━━━━━━━╇━━━━━━━━━━━━━╇━━━━━━┩ │ │
│ │ │ True             │ 15753        │ 4005              │ all           │ 1            │ 0.5           │ 1                │ 20000     │ 3.0              │ 0.03        │ True │ │ │
│ │ └──────────────────┴──────────────┴───────────────────┴───────────────┴──────────────┴───────────────┴──────────────────┴───────────┴──────────────────┴─────────────┴──────┘ │ │
│ ╰───────────────────────────────────────────────────────────────────────────────────────────────────────────────────────────────────────────────────────────────────────────────╯ │
│ ╭──────────────────────────────────────────────────────────────────────────────────── Model ────────────────────────────────────────────────────────────────────────────────────╮ │
│ │ ┏━━━━━━━━┳━━━━━━━━┳━━━━━━━━┳━━━━━━━━┳━━━━━━━━┳━━━━━━━━┳━━━━━━━━┳━━━━━━━━┳━━━━━━━┳━━━━━━━━┳━━━━━━━┳━━━━━━━┳━━━━━━━━┳━━━━━━━┳━━━━━━━━┳━━━━━━━┳━━━━━━━┳━━━━━━━┳━━━━━━━━┳━━━━━━━┓ │ │
│ │ ┃ class  ┃ featu… ┃ max_d… ┃ messa… ┃ num_b… ┃ cutoff ┃ max_a… ┃ charg… ┃ max_… ┃ total… ┃ n_re… ┃ zbl   ┃ zbl_c… ┃ zbl_… ┃ train… ┃ debug ┃ efa   ┃ use_… ┃ use_p… ┃ incl… ┃ │ │
│ │ ┡━━━━━━━━╇━━━━━━━━╇━━━━━━━━╇━━━━━━━━╇━━━━━━━━╇━━━━━━━━╇━━━━━━━━╇━━━━━━━━╇━━━━━━━╇━━━━━━━━╇━━━━━━━╇━━━━━━━╇━━━━━━━━╇━━━━━━━╇━━━━━━━━╇━━━━━━━╇━━━━━━━╇━━━━━━━╇━━━━━━━━╇━━━━━━━┩ │ │
│ │ │ PhysN… │ 64     │ 0      │ 3      │ 32     │ 8.0    │ 35     │ False  │ 20    │ 0.0    │ 2     │ False │ 0.1    │ 0.6   │ False  │ False │ False │ True  │ True   │ True  │ │ │
│ │ └────────┴────────┴────────┴────────┴────────┴────────┴────────┴────────┴───────┴────────┴───────┴───────┴────────┴───────┴────────┴───────┴───────┴───────┴────────┴───────┘ │ │
│ ╰───────────────────────────────────────────────────────────────────────────────────────────────────────────────────────────────────────────────────────────────────────────────╯ │
│ ╭─────────────────────────────────────────────────────────────────────────────── Runtime threads ───────────────────────────────────────────────────────────────────────────────╮ │
│ │ ┌──────────────────────────────────┬────────────────────────────────────────────────────────────────────────────────────────────────────────────────────────────────────────┐ │ │
│ │ │ OMP_NUM_THREADS                  │ 1                                                                                                                                      │ │ │
│ │ │ MMML_CHARMM_OMP_THREADS          │ unset                                                                                                                                  │ │ │
│ │ │ MKL_NUM_THREADS                  │ 1                                                                                                                                      │ │ │
│ │ │ OPENBLAS_NUM_THREADS             │ 1                                                                                                                                      │ │ │
│ │ │ NUMEXPR_NUM_THREADS              │ 1                                                                                                                                      │ │ │
│ │ │ MMML_JAX_COMPILE_THREADS         │ unset                                                                                                                                  │ │ │
│ │ │ MMML_NO_JAX_COMPILE_THREADS      │ unset                                                                                                                                  │ │ │
│ │ │ XLA_FLAGS                        │ unset                                                                                                                                  │ │ │
│ │ │ JAX_PLATFORMS                    │ unset                                                                                                                                  │ │ │
│ │ │ MMML_MLPOT_DEVICE                │ unset                                                                                                                                  │ │ │
│ │ └──────────────────────────────────┴────────────────────────────────────────────────────────────────────────────────────────────────────────────────────────────────────────┘ │ │
│ ╰───────────────────────────────────────────────────────────────────────────────────────────────────────────────────────────────────────────────────────────────────────────────╯ │
│ ╭───────────────────────────────────────────────────────────────────────────────── ML/MM flags ─────────────────────────────────────────────────────────────────────────────────╮ │
│ │ ┏━━━━━━━━━━━━━━━━━━━━━━━━┳━━━━━━━━━━━━━━━━━━━━━━━━┳━━━━━━━━━━━━━━━━━━━━━━━━━━━━━━━━━━━━━━━━━━━━━━━━┳━━━━━━━━━━━━━━━━━━━━━━━━━━━━━━━━━━━━━━━━━━━━━━━━━━━━━━━━━━━━━━━━━━━━━━━━┓ │ │
│ │ ┃ doML                   ┃ doMM                   ┃ doML_dimer                                     ┃ defer_xla_warmup                                                       ┃ │ │
│ │ ┡━━━━━━━━━━━━━━━━━━━━━━━━╇━━━━━━━━━━━━━━━━━━━━━━━━╇━━━━━━━━━━━━━━━━━━━━━━━━━━━━━━━━━━━━━━━━━━━━━━━━╇━━━━━━━━━━━━━━━━━━━━━━━━━━━━━━━━━━━━━━━━━━━━━━━━━━━━━━━━━━━━━━━━━━━━━━━━┩ │ │
│ │ │ True                   │ True                   │ True                                           │ False                                                                  │ │ │
│ │ └────────────────────────┴────────────────────────┴────────────────────────────────────────────────┴────────────────────────────────────────────────────────────────────────┘ │ │
│ ╰───────────────────────────────────────────────────────────────────────────────────────────────────────────────────────────────────────────────────────────────────────────────╯ │
│ ╭───────────────────────────────────────────────────────────────────────────────── Checkpoint ──────────────────────────────────────────────────────────────────────────────────╮ │
│ │ ┌──────────────────────────────────┬────────────────────────────────────────────────────────────────────────────────────────────────────────────────────────────────────────┐ │ │
│ │ │ Checkpoint                       │ /mmhome/boittier/home/mmml_tutorial/acodcm/ckpts/hybrid/hybrid-96e58a2d-3798-4463-a318-fca1b7001dc3/epoch-1260                         │ │ │
│ │ │ name                             │ epoch-1260                                                                                                                             │ │ │
│ │ │ epoch                            │ 1260                                                                                                                                   │ │ │
│ │ │ best_loss                        │ 1.2998077602059979                                                                                                                     │ │ │
│ │ │ Save Time                        │ 2026-07-16 19:51:50.840479                                                                                                             │ │ │
│ │ └──────────────────────────────────┴────────────────────────────────────────────────────────────────────────────────────────────────────────────────────────────────────────┘ │ │
│ ╰───────────────────────────────────────────────────────────────────────────────────────────────────────────────────────────────────────────────────────────────────────────────╯ │
╰───────────────────────────────────────────────────────────────────────────────────────────────────────────────────────────────────────────────────────────────────────────────────╯
╭─────────────────────────────────────────────────────────────────────────────── Calculator Summary ────────────────────────────────────────────────────────────────────────────────╮
│                                                     Calculator Configuration                                                                                                      │
│ ┏━━━━━━━━━━━━━━━━━━━━━━━━━┳━━━━━━━━━━━━━━━━━━━━━━━━━━━━━━━━━━━━━━━━━━━━━━━━━━━━━━━━━━━━━━━━━━━━━━━━━━━━━━━━━━━━━━━━━━━━━━━━━━━━━┓                                                 │
│ ┃ Parameter               ┃ Value                                                                                               ┃                                                 │
│ ┡━━━━━━━━━━━━━━━━━━━━━━━━━╇━━━━━━━━━━━━━━━━━━━━━━━━━━━━━━━━━━━━━━━━━━━━━━━━━━━━━━━━━━━━━━━━━━━━━━━━━━━━━━━━━━━━━━━━━━━━━━━━━━━━━┩                                                 │
│ │ Model type              │ Hybrid ML/MM (PhysNet spherical cutoff)                                                             │                                                 │
│ │ Checkpoint              │ /mmhome/boittier/home/mmml_tutorial/acodcm/ckpts/hybrid/hybrid-96e58a2d-3798-4463-a318-fca1b7001dc3 │                                                 │
│ │ Ensemble                │ NVE                                                                                                 │                                                 │
│ │ Monomers                │ 178                                                                                                 │                                                 │
│ │ Atoms                   │ 1780                                                                                                │                                                 │
│ │ doML                    │ ✓                                                                                                   │                                                 │
│ │ doMM                    │ ✓                                                                                                   │                                                 │
│ │ doML_dimer              │ ✓                                                                                                   │                                                 │
│ │ Complementary handoff   │ ✓                                                                                                   │                                                 │
│ │ ──────────────────────  │ ──────────────────────                                                                              │                                                 │
│ │ ML energy terms         │                                                                                                     │                                                 │
│ │ neural ML               │ ✓ (PhysNet/Spooky atomic)                                                                           │                                                 │
│ │ electrostatics          │ ✗ off                                                                                               │                                                 │
│ │ ZBL repulsion           │ ✗ off                                                                                               │                                                 │
│ │ MBD dispersion          │ ✗ not configured                                                                                    │                                                 │
│ │ ──────────────────────  │ ──────────────────────                                                                              │                                                 │
│ │ ml_switch_width (Å)     │ 1.500                                                                                               │                                                 │
│ │ mm_switch_on (Å)        │ 8.000                                                                                               │                                                 │
│ │ mm_switch_width (Å)     │ 5.000                                                                                               │                                                 │
│ │ ML fully-on range (Å)   │ 0 → 6.500                                                                                           │                                                 │
│ │ ML/MM handoff range (Å) │ 6.500 → 8.000                                                                                       │                                                 │
│ │ MM tail range (Å)       │ 8.000 → 13.000                                                                                      │                                                 │
│ │ ──────────────────────  │ ──────────────────────                                                                              │                                                 │
│ │ ZBL repulsion           │ off                                                                                                 │                                                 │
│ │ ZBL cuton (pair Å)      │ 0.1000                                                                                              │                                                 │
│ │ ZBL cutoff (pair Å)     │ 0.6000                                                                                              │                                                 │
│ │ ZBL trainable           │ fixed                                                                                               │                                                 │
│ └─────────────────────────┴─────────────────────────────────────────────────────────────────────────────────────────────────────┘                                                 │
│                                                                                                                                                                                   │
│   COM-distance ruler (Å):                                                                                                                                                         │
│   █████████████████████████████████-----                                                                                                                                          │
│                    ↑  ↑            ↑                                                                                                                                              │
│                    6.58.0          13.0                                                                                                                                           │
│   █ ML=1  █ handoff (ML↓,MM↑)  █ MM tail↓  ─ inactive                                                                                                                             │
│                                                                                                                                                                                   │
│   ruler scale: 0 → 14.9 Å                                                                                                                                                         │
│   ZBL cutoffs are pair distances (recorded above), not on this COM ruler.                                                                                                         │
╰───────────────────────────────────────────────────────────────────────────────────────────────────────────────────────────────────────────────────────────────────────────────────╯
╭───────────────────────────────────────────────────────────────────────────────── Neighbor Lists ──────────────────────────────────────────────────────────────────────────────────╮
│             Neighbor List Configuration                                                                                                                                           │
│ ┏━━━━━━━━━━━━━━━━━━━━━━━━━┳━━━━━━━━━━━━━━━━━━━━━━━━┓                                                                                                                              │
│ ┃ Property                ┃ Value                  ┃                                                                                                                              │
│ ┡━━━━━━━━━━━━━━━━━━━━━━━━━╇━━━━━━━━━━━━━━━━━━━━━━━━┩                                                                                                                              │
│ │ Atoms                   │ 1780                   │                                                                                                                              │
│ │ Monomers                │ 178                    │                                                                                                                              │
│ │ Cell side (Å)           │ 27.976                 │                                                                                                                              │
│ │ MM outer cutoff (Å)     │ 13.000                 │                                                                                                                              │
│ │ Skin distance (Å)       │ 0.500                  │                                                                                                                              │
│ │ Update interval (steps) │ 1                      │                                                                                                                              │
│ │ Capacity multiplier     │ 1.75×                  │                                                                                                                              │
│ │ ──────────────────────  │ ────────────────────── │                                                                                                                              │
│ │ ml_sparse_dimers        │ True                   │                                                                                                                              │
│ │ dimers_total            │ 15753                  │                                                                                                                              │
│ │ max_active_dimers       │ 4005                   │                                                                                                                              │
│ │ ml_batch_size           │ all                    │                                                                                                                              │
│ │ ml_gpu_count            │ 1                      │                                                                                                                              │
│ │ max_pairs               │ 20000                  │                                                                                                                              │
│ │ PBC                     │ True                   │                                                                                                                              │
│ └─────────────────────────┴────────────────────────┘                                                                                                                              │
╰───────────────────────────────────────────────────────────────────────────────────────────────────────────────────────────────────────────────────────────────────────────────────╯
╭────────────────────────────────────────────────────────────────────────────── CHARMM topology (PSF) ──────────────────────────────────────────────────────────────────────────────╮
│ ┏━━━━━━━━━┳━━━━━━━━━━━━┳━━━━━━━━━━━━━━┳━━━━━━━━━━━━━━━━┳━━━━━━━━━━━━━━━━━━━━━━━━━━━━━━━━━━━━━━━━━━━━━━┳━━━━━━━━━━━━━━━━━┳━━━━━━━━━━┳━━━━━━━━━━━━━━━━━━━━━━━━━━━━━━━━━━━━━━━━━━━━┓ │
│ ┃ n_atoms ┃ n_residues ┃ total_charge ┃ mass_range_amu ┃ atom_names                                   ┃ iac_index_range ┃ residues ┃ cgenff_types                               ┃ │
│ ┡━━━━━━━━━╇━━━━━━━━━━━━╇━━━━━━━━━━━━━━╇━━━━━━━━━━━━━━━━╇━━━━━━━━━━━━━━━━━━━━━━━━━━━━━━━━━━━━━━━━━━━━━━╇━━━━━━━━━━━━━━━━━╇━━━━━━━━━━╇━━━━━━━━━━━━━━━━━━━━━━━━━━━━━━━━━━━━━━━━━━━━┩ │
│ │ 1780    │ 178        │ 0.0000 e     │ 1.008–15.999   │ C1×178, C2×178, C3×178, H21×178, H22×178,    │ 4–116           │ ACO×178  │ CG2O5×178, CG331×356, HGA3×1068, OG2D3×178 │ │
│ │         │            │              │                │ H23×178, H31×178, H32×178, …+2 names         │                 │          │                                            │ │
│ └─────────┴────────────┴──────────────┴────────────────┴──────────────────────────────────────────────┴─────────────────┴──────────┴────────────────────────────────────────────┘ │
╰───────────────────────────────────────────────────────────────────────────────────────────────────────────────────────────────────────────────────────────────────────────────────╯
[mmml] JAX compile-time thread env=16 (OMP '1' -> 16; restored after compile context)
